
 Start Length Name Class
 0001:00401000 0000391CCH _TEXT                  CODE
 0002:0043B000 00000A844H _DATA                  DATA
 0003:00445844 00004383CH _BSS                   BSS
 0004:00000000 00000009CH _TLS                   TLS


Detailed map of segments
 0001:00000110 0000014F C=CODE    S=_TEXT    G=(none)   M=C:\PROGRAM FILES\BORLAND\CBUILDER6\LIB\C0X32.OBJ ACBP=A9
 0001:0000025F 00005EC1 C=CODE    S=_TEXT    G=(none)   M=D:\DOCUMENTS\PROJECTS\¿–’»¬¿“Œ–\”Ã≈Õ‹ÿ¿≈Ã\PACK.OBJ ACBP=A9
 0001:00006120 0000002B C=CODE    S=_TEXT    G=(none)   M=C:\PROGRAM FILES\BORLAND\CBUILDER6\LIB\CW32.LIB|calloc ACBP=A9
 0001:0000614C 0000000F C=CODE    S=_TEXT    G=(none)   M=C:\PROGRAM FILES\BORLAND\CBUILDER6\LIB\CW32.LIB|del ACBP=A9
 0001:0000615C 0000000F C=CODE    S=_TEXT    G=(none)   M=C:\PROGRAM FILES\BORLAND\CBUILDER6\LIB\CW32.LIB|delarray ACBP=A9
 0001:0000616C 000001B6 C=CODE    S=_TEXT    G=(none)   M=C:\PROGRAM FILES\BORLAND\CBUILDER6\LIB\CW32.LIB|new ACBP=A9
 0001:00006324 0000000F C=CODE    S=_TEXT    G=(none)   M=C:\PROGRAM FILES\BORLAND\CBUILDER6\LIB\CW32.LIB|newarray ACBP=A9
 0001:00006334 000000DB C=CODE    S=_TEXT    G=(none)   M=C:\PROGRAM FILES\BORLAND\CBUILDER6\LIB\CW32.LIB|setnew ACBP=A9
 0001:00006408 0000015F C=CODE    S=_TEXT    G=(none)   M=C:\PROGRAM FILES\BORLAND\CBUILDER6\LIB\CW32.LIB|vdelldtc ACBP=A9
 0001:00006568 000001BB C=CODE    S=_TEXT    G=(none)   M=C:\PROGRAM FILES\BORLAND\CBUILDER6\LIB\CW32.LIB|vnewldtc ACBP=A9
 0001:00006724 00000111 C=CODE    S=_TEXT    G=(none)   M=C:\PROGRAM FILES\BORLAND\CBUILDER6\LIB\CW32.LIB|virtmem ACBP=A9
 0001:00006838 0000009F C=CODE    S=_TEXT    G=(none)   M=C:\PROGRAM FILES\BORLAND\CBUILDER6\LIB\CW32.LIB|hrdir_b ACBP=A9
 0001:000068D8 00000020 C=CODE    S=_TEXT    G=(none)   M=C:\PROGRAM FILES\BORLAND\CBUILDER6\LIB\CW32.LIB|hrdir_mf ACBP=A9
 0001:000068F8 00000016 C=CODE    S=_TEXT    G=(none)   M=C:\PROGRAM FILES\BORLAND\CBUILDER6\LIB\CW32.LIB|hrdir_r ACBP=A9
 0001:00006910 000000B8 C=CODE    S=_TEXT    G=(none)   M=C:\PROGRAM FILES\BORLAND\CBUILDER6\LIB\CW32.LIB|hrdir_s ACBP=A9
 0001:000069C8 00000001 C=CODE    S=_TEXT    G=(none)   M=C:\PROGRAM FILES\BORLAND\CBUILDER6\LIB\CW32.LIB|hrdir_us ACBP=A9
 0001:000069CC 000009CC C=CODE    S=_TEXT    G=(none)   M=C:\PROGRAM FILES\BORLAND\CBUILDER6\LIB\CW32.LIB|heap ACBP=A9
 0001:00007398 00000292 C=CODE    S=_TEXT    G=(none)   M=C:\PROGRAM FILES\BORLAND\CBUILDER6\LIB\CW32.LIB|realloc ACBP=A9
 0001:0000762C 00000001 C=CODE    S=_TEXT    G=(none)   M=C:\PROGRAM FILES\BORLAND\CBUILDER6\LIB\CW32.LIB|crtlst_i ACBP=A9
 0001:00007630 00000001 C=CODE    S=_TEXT    G=(none)   M=C:\PROGRAM FILES\BORLAND\CBUILDER6\LIB\CW32.LIB|crtlst_l ACBP=A9
 0001:00007634 00000214 C=CODE    S=_TEXT    G=(none)   M=C:\PROGRAM FILES\BORLAND\CBUILDER6\LIB\CW32.LIB|predecl ACBP=A9
 0001:00007840 00000C90 C=CODE    S=_TEXT    G=(none)   M=C:\PROGRAM FILES\BORLAND\CBUILDER6\LIB\CW32.LIB|allstl ACBP=A9
 0001:000084A8 00000190 C=CODE    S=_TEXT    G=(none)   M=C:\PROGRAM FILES\BORLAND\CBUILDER6\LIB\CW32.LIB|rwlocale ACBP=A9
 0001:000085F6 00000102 C=CODE    S=_TEXT    G=(none)   M=C:\PROGRAM FILES\BORLAND\CBUILDER6\LIB\CW32.LIB|stdexcpt ACBP=A9
 0001:00008674 0000001E C=CODE    S=_TEXT    G=(none)   M=C:\PROGRAM FILES\BORLAND\CBUILDER6\LIB\CW32.LIB|memchr ACBP=A9
 0001:00008694 00000020 C=CODE    S=_TEXT    G=(none)   M=C:\PROGRAM FILES\BORLAND\CBUILDER6\LIB\CW32.LIB|wmemchr ACBP=A9
 0001:000086B4 00000024 C=CODE    S=_TEXT    G=(none)   M=C:\PROGRAM FILES\BORLAND\CBUILDER6\LIB\CW32.LIB|memcpy ACBP=A9
 0001:000086D8 0000004A C=CODE    S=_TEXT    G=(none)   M=C:\PROGRAM FILES\BORLAND\CBUILDER6\LIB\CW32.LIB|memmove ACBP=A9
 0001:00008724 0000008A C=CODE    S=_TEXT    G=(none)   M=C:\PROGRAM FILES\BORLAND\CBUILDER6\LIB\CW32.LIB|memset ACBP=A9
 0001:000087B0 00000018 C=CODE    S=_TEXT    G=(none)   M=C:\PROGRAM FILES\BORLAND\CBUILDER6\LIB\CW32.LIB|wmemset ACBP=A9
 0001:000087C8 0000003C C=CODE    S=_TEXT    G=(none)   M=C:\PROGRAM FILES\BORLAND\CBUILDER6\LIB\CW32.LIB|strcat ACBP=A9
 0001:00008804 0000005A C=CODE    S=_TEXT    G=(none)   M=C:\PROGRAM FILES\BORLAND\CBUILDER6\LIB\CW32.LIB|strlen ACBP=A9
 0001:00008860 0000006E C=CODE    S=_TEXT    G=(none)   M=C:\PROGRAM FILES\BORLAND\CBUILDER6\LIB\CW32.LIB|strncat ACBP=A9
 0001:000088D0 00000014 C=CODE    S=_TEXT    G=(none)   M=C:\PROGRAM FILES\BORLAND\CBUILDER6\LIB\CW32.LIB|__memchr ACBP=A9
 0001:000088E4 0000006C C=CODE    S=_TEXT    G=(none)   M=C:\PROGRAM FILES\BORLAND\CBUILDER6\LIB\CW32.LIB|memcmp ACBP=A9
 0001:00008950 00000032 C=CODE    S=_TEXT    G=(none)   M=C:\PROGRAM FILES\BORLAND\CBUILDER6\LIB\CW32.LIB|strdup ACBP=A9
 0001:00008984 0000004F C=CODE    S=_TEXT    G=(none)   M=C:\PROGRAM FILES\BORLAND\CBUILDER6\LIB\CW32.LIB|strncpy ACBP=A9
 0001:000089D4 00000018 C=CODE    S=_TEXT    G=(none)   M=C:\PROGRAM FILES\BORLAND\CBUILDER6\LIB\CW32.LIB|wcslen ACBP=A9
 0001:000089EC 0000003F C=CODE    S=_TEXT    G=(none)   M=C:\PROGRAM FILES\BORLAND\CBUILDER6\LIB\CW32.LIB|wcscpy ACBP=A9
 0001:00008A2C 00000070 C=CODE    S=_TEXT    G=(none)   M=C:\PROGRAM FILES\BORLAND\CBUILDER6\LIB\CW32.LIB|xxa ACBP=A9
 0001:00008A9C 00000AB6 C=CODE    S=_TEXT    G=(none)   M=C:\PROGRAM FILES\BORLAND\CBUILDER6\LIB\CW32.LIB|xxtype ACBP=A9
 0001:00009552 000000B6 C=CODE    S=_TEXT    G=(none)   M=C:\PROGRAM FILES\BORLAND\CBUILDER6\LIB\CW32.LIB|xxut ACBP=A9
 0001:000095F4 0000014B C=CODE    S=_TEXT    G=(none)   M=C:\PROGRAM FILES\BORLAND\CBUILDER6\LIB\CW32.LIB|xxv ACBP=A9
 0001:00009740 0000000A C=CODE    S=_TEXT    G=(none)   M=C:\PROGRAM FILES\BORLAND\CBUILDER6\LIB\CW32.LIB|defhandl ACBP=A9
 0001:0000974C 00000179 C=CODE    S=_TEXT    G=(none)   M=C:\PROGRAM FILES\BORLAND\CBUILDER6\LIB\CW32.LIB|except ACBP=A9
 0001:000098C8 00000046 C=CODE    S=_TEXT    G=(none)   M=C:\PROGRAM FILES\BORLAND\CBUILDER6\LIB\CW32.LIB|setexc ACBP=A9
 0001:00009910 00000022 C=CODE    S=_TEXT    G=(none)   M=C:\PROGRAM FILES\BORLAND\CBUILDER6\LIB\CW32.LIB|ta ACBP=A9
 0001:00009934 00000086 C=CODE    S=_TEXT    G=(none)   M=C:\PROGRAM FILES\BORLAND\CBUILDER6\LIB\CW32.LIB|__eof ACBP=A9
 0001:000099BC 00000047 C=CODE    S=_TEXT    G=(none)   M=C:\PROGRAM FILES\BORLAND\CBUILDER6\LIB\CW32.LIB|__isatty ACBP=A9
 0001:00009A04 00000076 C=CODE    S=_TEXT    G=(none)   M=C:\PROGRAM FILES\BORLAND\CBUILDER6\LIB\CW32.LIB|__lseek ACBP=A9
 0001:00009A7C 0000019A C=CODE    S=_TEXT    G=(none)   M=C:\PROGRAM FILES\BORLAND\CBUILDER6\LIB\CW32.LIB|__read ACBP=A9
 0001:00009C18 0000011C C=CODE    S=_TEXT    G=(none)   M=C:\PROGRAM FILES\BORLAND\CBUILDER6\LIB\CW32.LIB|__write ACBP=A9
 0001:00009D34 00000011 C=CODE    S=_TEXT    G=(none)   M=C:\PROGRAM FILES\BORLAND\CBUILDER6\LIB\CW32.LIB|_cfinfo ACBP=A9
 0001:00009D48 00000038 C=CODE    S=_TEXT    G=(none)   M=C:\PROGRAM FILES\BORLAND\CBUILDER6\LIB\CW32.LIB|_flshall ACBP=A9
 0001:00009D80 0000001D C=CODE    S=_TEXT    G=(none)   M=C:\PROGRAM FILES\BORLAND\CBUILDER6\LIB\CW32.LIB|_fputc ACBP=A9
 0001:00009DA0 00000061 C=CODE    S=_TEXT    G=(none)   M=C:\PROGRAM FILES\BORLAND\CBUILDER6\LIB\CW32.LIB|_read ACBP=A9
 0001:00009E04 00000061 C=CODE    S=_TEXT    G=(none)   M=C:\PROGRAM FILES\BORLAND\CBUILDER6\LIB\CW32.LIB|_write ACBP=A9
 0001:00009E68 0000007D C=CODE    S=_TEXT    G=(none)   M=C:\PROGRAM FILES\BORLAND\CBUILDER6\LIB\CW32.LIB|allocbuf ACBP=A9
 0001:00009EE8 0000007F C=CODE    S=_TEXT    G=(none)   M=C:\PROGRAM FILES\BORLAND\CBUILDER6\LIB\CW32.LIB|fflush ACBP=A9
 0001:00009F68 0000001E C=CODE    S=_TEXT    G=(none)   M=C:\PROGRAM FILES\BORLAND\CBUILDER6\LIB\CW32.LIB|fgetpos ACBP=A9
 0001:00009F88 0000005A C=CODE    S=_TEXT    G=(none)   M=C:\PROGRAM FILES\BORLAND\CBUILDER6\LIB\CW32.LIB|flushout ACBP=A9
 0001:00009FE4 00000023 C=CODE    S=_TEXT    G=(none)   M=C:\PROGRAM FILES\BORLAND\CBUILDER6\LIB\CW32.LIB|fmodeptr ACBP=A9
 0001:0000A008 0000013E C=CODE    S=_TEXT    G=(none)   M=C:\PROGRAM FILES\BORLAND\CBUILDER6\LIB\CW32.LIB|fseek ACBP=A9
 0001:0000A148 00000019 C=CODE    S=_TEXT    G=(none)   M=C:\PROGRAM FILES\BORLAND\CBUILDER6\LIB\CW32.LIB|fsetpos ACBP=A9
 0001:0000A164 000000B0 C=CODE    S=_TEXT    G=(none)   M=C:\PROGRAM FILES\BORLAND\CBUILDER6\LIB\CW32.LIB|fstat ACBP=A9
 0001:0000A214 000002B9 C=CODE    S=_TEXT    G=(none)   M=C:\PROGRAM FILES\BORLAND\CBUILDER6\LIB\CW32.LIB|handles ACBP=A9
 0001:0000A4D0 00000076 C=CODE    S=_TEXT    G=(none)   M=C:\PROGRAM FILES\BORLAND\CBUILDER6\LIB\CW32.LIB|ioerror ACBP=A9
 0001:0000A548 000000B0 C=CODE    S=_TEXT    G=(none)   M=C:\PROGRAM FILES\BORLAND\CBUILDER6\LIB\CW32.LIB|iomacro ACBP=A9
 0001:0000A5F8 0000019E C=CODE    S=_TEXT    G=(none)   M=C:\PROGRAM FILES\BORLAND\CBUILDER6\LIB\CW32.LIB|lgetc ACBP=A9
 0001:0000A798 00000110 C=CODE    S=_TEXT    G=(none)   M=C:\PROGRAM FILES\BORLAND\CBUILDER6\LIB\CW32.LIB|lputc ACBP=A9
 0001:0000A8A8 00000079 C=CODE    S=_TEXT    G=(none)   M=C:\PROGRAM FILES\BORLAND\CBUILDER6\LIB\CW32.LIB|perror ACBP=A9
 0001:0000A8A8 0000004D C=CODE    S=_TEXT    G=(none)   M=C:\PROGRAM FILES\BORLAND\CBUILDER6\LIB\CW32.LIB|setvbuf ACBP=A9
 0001:0000A8F8 00000100 C=CODE    S=_TEXT    G=(none)   M=C:\PROGRAM FILES\BORLAND\CBUILDER6\LIB\CW32.LIB|snprntf ACBP=A9
 0001:0000A9F8 00000078 C=CODE    S=_TEXT    G=(none)   M=C:\PROGRAM FILES\BORLAND\CBUILDER6\LIB\CW32.LIB|sprintf ACBP=A9
 0001:0000AA70 00000115 C=CODE    S=_TEXT    G=(none)   M=C:\PROGRAM FILES\BORLAND\CBUILDER6\LIB\CW32.LIB|streams ACBP=A9
 0001:0000AB88 00000050 C=CODE    S=_TEXT    G=(none)   M=C:\PROGRAM FILES\BORLAND\CBUILDER6\LIB\CW32.LIB|ungetc ACBP=A9
 0001:0000ABD8 000009EC C=CODE    S=_TEXT    G=(none)   M=C:\PROGRAM FILES\BORLAND\CBUILDER6\LIB\CW32.LIB|vprinter ACBP=A9
 0001:0000B5C4 00000027 C=CODE    S=_TEXT    G=(none)   M=C:\PROGRAM FILES\BORLAND\CBUILDER6\LIB\CW32.LIB|xfflush ACBP=A9
 0001:0000B5EC 00000051 C=CODE    S=_TEXT    G=(none)   M=C:\PROGRAM FILES\BORLAND\CBUILDER6\LIB\CW32.LIB|getinfo ACBP=A9
 0001:0000B640 00000102 C=CODE    S=_TEXT    G=(none)   M=C:\PROGRAM FILES\BORLAND\CBUILDER6\LIB\CW32.LIB|is ACBP=A9
 0001:0000B744 00000103 C=CODE    S=_TEXT    G=(none)   M=C:\PROGRAM FILES\BORLAND\CBUILDER6\LIB\CW32.LIB|wis ACBP=A9
 0001:0000B848 00000043 C=CODE    S=_TEXT    G=(none)   M=C:\PROGRAM FILES\BORLAND\CBUILDER6\LIB\CW32.LIB|isctype ACBP=A9
 0001:0000B88C 00000055 C=CODE    S=_TEXT    G=(none)   M=C:\PROGRAM FILES\BORLAND\CBUILDER6\LIB\CW32.LIB|iswctype ACBP=A9
 0001:0000B8E4 00000054 C=CODE    S=_TEXT    G=(none)   M=C:\PROGRAM FILES\BORLAND\CBUILDER6\LIB\CW32.LIB|ltoupper ACBP=A9
 0001:0000B938 000004D0 C=CODE    S=_TEXT    G=(none)   M=C:\PROGRAM FILES\BORLAND\CBUILDER6\LIB\CW32.LIB|mbyte1 ACBP=A9
 0001:0000BE08 00000200 C=CODE    S=_TEXT    G=(none)   M=C:\PROGRAM FILES\BORLAND\CBUILDER6\LIB\CW32.LIB|_ll ACBP=A9
 0001:0000C008 00000030 C=CODE    S=_TEXT    G=(none)   M=C:\PROGRAM FILES\BORLAND\CBUILDER6\LIB\CW32.LIB|_cpysgn ACBP=A9
 0001:0000C038 0000001D C=CODE    S=_TEXT    G=(none)   M=C:\PROGRAM FILES\BORLAND\CBUILDER6\LIB\CW32.LIB|_finite ACBP=A9
 0001:0000C058 0000013C C=CODE    S=_TEXT    G=(none)   M=C:\PROGRAM FILES\BORLAND\CBUILDER6\LIB\CW32.LIB|_fpcls ACBP=A9
 0001:0000C194 00000045 C=CODE    S=_TEXT    G=(none)   M=C:\PROGRAM FILES\BORLAND\CBUILDER6\LIB\CW32.LIB|_isnan ACBP=A9
 0001:0000C1DC 00000049 C=CODE    S=_TEXT    G=(none)   M=C:\PROGRAM FILES\BORLAND\CBUILDER6\LIB\CW32.LIB|_isnanl ACBP=A9
 0001:0000C228 00000188 C=CODE    S=_TEXT    G=(none)   M=C:\PROGRAM FILES\BORLAND\CBUILDER6\LIB\CW32.LIB|_pow10 ACBP=A9
 0001:0000C3B0 00000077 C=CODE    S=_TEXT    G=(none)   M=C:\PROGRAM FILES\BORLAND\CBUILDER6\LIB\CW32.LIB|atol ACBP=A9
 0001:0000C428 00000013 C=CODE    S=_TEXT    G=(none)   M=C:\PROGRAM FILES\BORLAND\CBUILDER6\LIB\CW32.LIB|clear87 ACBP=A9
 0001:0000C43C 0000002F C=CODE    S=_TEXT    G=(none)   M=C:\PROGRAM FILES\BORLAND\CBUILDER6\LIB\CW32.LIB|ctrl87 ACBP=A9
 0001:0000C46C 00000018 C=CODE    S=_TEXT    G=(none)   M=C:\PROGRAM FILES\BORLAND\CBUILDER6\LIB\CW32.LIB|cvtentry ACBP=A9
 0001:0000C484 00000018 C=CODE    S=_TEXT    G=(none)   M=C:\PROGRAM FILES\BORLAND\CBUILDER6\LIB\CW32.LIB|cvtfak ACBP=A9
 0001:0000C49C 00000018 C=CODE    S=_TEXT    G=(none)   M=C:\PROGRAM FILES\BORLAND\CBUILDER6\LIB\CW32.LIB|cvtfakw ACBP=A9
 0001:0000C4B4 0000006E C=CODE    S=_TEXT    G=(none)   M=C:\PROGRAM FILES\BORLAND\CBUILDER6\LIB\CW32.LIB|efcvt ACBP=A9
 0001:0000C524 00000016 C=CODE    S=_TEXT    G=(none)   M=C:\PROGRAM FILES\BORLAND\CBUILDER6\LIB\CW32.LIB|fpreset ACBP=A9
 0001:0000C53C 0000002D C=CODE    S=_TEXT    G=(none)   M=C:\PROGRAM FILES\BORLAND\CBUILDER6\LIB\CW32.LIB|fuildq ACBP=A9
 0001:0000C56C 00000021 C=CODE    S=_TEXT    G=(none)   M=C:\PROGRAM FILES\BORLAND\CBUILDER6\LIB\CW32.LIB|fuistq ACBP=A9
 0001:0000C590 00000011 C=CODE    S=_TEXT    G=(none)   M=C:\PROGRAM FILES\BORLAND\CBUILDER6\LIB\CW32.LIB|fxam ACBP=A9
 0001:0000C5A4 000000B1 C=CODE    S=_TEXT    G=(none)   M=C:\PROGRAM FILES\BORLAND\CBUILDER6\LIB\CW32.LIB|int64toa ACBP=A9
 0001:0000C658 00000117 C=CODE    S=_TEXT    G=(none)   M=C:\PROGRAM FILES\BORLAND\CBUILDER6\LIB\CW32.LIB|ldtrunc ACBP=A9
 0001:0000C770 0000008F C=CODE    S=_TEXT    G=(none)   M=C:\PROGRAM FILES\BORLAND\CBUILDER6\LIB\CW32.LIB|longtoa ACBP=A9
 0001:0000C800 0000002A C=CODE    S=_TEXT    G=(none)   M=C:\PROGRAM FILES\BORLAND\CBUILDER6\LIB\CW32.LIB|matherr ACBP=A9
 0001:0000C82C 0000002E C=CODE    S=_TEXT    G=(none)   M=C:\PROGRAM FILES\BORLAND\CBUILDER6\LIB\CW32.LIB|matherrl ACBP=A9
 0001:0000C85C 00000016 C=CODE    S=_TEXT    G=(none)   M=C:\PROGRAM FILES\BORLAND\CBUILDER6\LIB\CW32.LIB|mathptr ACBP=A9
 0001:0000C874 00000025 C=CODE    S=_TEXT    G=(none)   M=C:\PROGRAM FILES\BORLAND\CBUILDER6\LIB\CW32.LIB|qdiv10 ACBP=A9
 0001:0000C89C 0000002E C=CODE    S=_TEXT    G=(none)   M=C:\PROGRAM FILES\BORLAND\CBUILDER6\LIB\CW32.LIB|qmul10 ACBP=A9
 0001:0000C8CC 000002F9 C=CODE    S=_TEXT    G=(none)   M=C:\PROGRAM FILES\BORLAND\CBUILDER6\LIB\CW32.LIB|realcvt ACBP=A9
 0001:0000CBC8 00000331 C=CODE    S=_TEXT    G=(none)   M=C:\PROGRAM FILES\BORLAND\CBUILDER6\LIB\CW32.LIB|realcvtw ACBP=A9
 0001:0000CEFC 000004E1 C=CODE    S=_TEXT    G=(none)   M=C:\PROGRAM FILES\BORLAND\CBUILDER6\LIB\CW32.LIB|scantod ACBP=A9
 0001:0000D3E0 000004DD C=CODE    S=_TEXT    G=(none)   M=C:\PROGRAM FILES\BORLAND\CBUILDER6\LIB\CW32.LIB|scanwtod ACBP=A9
 0001:0000D8C0 00000013 C=CODE    S=_TEXT    G=(none)   M=C:\PROGRAM FILES\BORLAND\CBUILDER6\LIB\CW32.LIB|stat87 ACBP=A9
 0001:0000D8D4 000002D2 C=CODE    S=_TEXT    G=(none)   M=C:\PROGRAM FILES\BORLAND\CBUILDER6\LIB\CW32.LIB|xcvt ACBP=A9
 0001:0000DBA8 000002F1 C=CODE    S=_TEXT    G=(none)   M=C:\PROGRAM FILES\BORLAND\CBUILDER6\LIB\CW32.LIB|xcvtw ACBP=A9
 0001:0000DE9C 00000139 C=CODE    S=_TEXT    G=(none)   M=C:\PROGRAM FILES\BORLAND\CBUILDER6\LIB\CW32.LIB|mbctype ACBP=A9
 0001:0000DFD8 0000003D C=CODE    S=_TEXT    G=(none)   M=C:\PROGRAM FILES\BORLAND\CBUILDER6\LIB\CW32.LIB|mbisalp ACBP=A9
 0001:0000E018 0000001A C=CODE    S=_TEXT    G=(none)   M=C:\PROGRAM FILES\BORLAND\CBUILDER6\LIB\CW32.LIB|mbisdgt ACBP=A9
 0001:0000E034 0000001A C=CODE    S=_TEXT    G=(none)   M=C:\PROGRAM FILES\BORLAND\CBUILDER6\LIB\CW32.LIB|mbisspc ACBP=A9
 0001:0000E050 00000054 C=CODE    S=_TEXT    G=(none)   M=C:\PROGRAM FILES\BORLAND\CBUILDER6\LIB\CW32.LIB|mbsnbcpy ACBP=A9
 0001:0000E0A4 000000BF C=CODE    S=_TEXT    G=(none)   M=C:\PROGRAM FILES\BORLAND\CBUILDER6\LIB\CW32.LIB|mbsnbicm ACBP=A9
 0001:0000E164 00000056 C=CODE    S=_TEXT    G=(none)   M=C:\PROGRAM FILES\BORLAND\CBUILDER6\LIB\CW32.LIB|mbsrchr ACBP=A9
 0001:0000E1BC 000000A6 C=CODE    S=_TEXT    G=(none)   M=C:\PROGRAM FILES\BORLAND\CBUILDER6\LIB\CW32.LIB|assert ACBP=A9
 0001:0000E264 000000B8 C=CODE    S=_TEXT    G=(none)   M=C:\PROGRAM FILES\BORLAND\CBUILDER6\LIB\CW32.LIB|ermsghlp ACBP=A9
 0001:0000E31C 00000006 C=CODE    S=_TEXT    G=(none)   M=C:\PROGRAM FILES\BORLAND\CBUILDER6\LIB\CW32.LIB|errno ACBP=A9
 0001:0000E31C 0000019B C=CODE    S=_TEXT    G=(none)   M=C:\PROGRAM FILES\BORLAND\CBUILDER6\LIB\CW32.LIB|errormsg ACBP=A9
 0001:0000E4B8 00000089 C=CODE    S=_TEXT    G=(none)   M=C:\PROGRAM FILES\BORLAND\CBUILDER6\LIB\CW32.LIB|platform ACBP=A9
 0001:0000E544 00000022 C=CODE    S=_TEXT    G=(none)   M=C:\PROGRAM FILES\BORLAND\CBUILDER6\LIB\CW32.LIB|abort ACBP=A9
 0001:0000E568 000000A7 C=CODE    S=_TEXT    G=(none)   M=C:\PROGRAM FILES\BORLAND\CBUILDER6\LIB\CW32.LIB|exit ACBP=A9
 0001:0000E610 00000057 C=CODE    S=_TEXT    G=(none)   M=C:\PROGRAM FILES\BORLAND\CBUILDER6\LIB\CW32.LIB|getenv ACBP=A9
 0001:0000E668 0000001A C=CODE    S=_TEXT    G=(none)   M=C:\PROGRAM FILES\BORLAND\CBUILDER6\LIB\CW32.LIB|initwild ACBP=A9
 0001:0000E684 00000011 C=CODE    S=_TEXT    G=(none)   M=C:\PROGRAM FILES\BORLAND\CBUILDER6\LIB\CW32.LIB|exparg ACBP=A9
 0001:0000E698 00000011 C=CODE    S=_TEXT    G=(none)   M=C:\PROGRAM FILES\BORLAND\CBUILDER6\LIB\CW32.LIB|wexparg ACBP=A9
 0001:0000E6AC 00000027 C=CODE    S=_TEXT    G=(none)   M=C:\PROGRAM FILES\BORLAND\CBUILDER6\LIB\CW32.LIB|initargv ACBP=A9
 0001:0000E6D4 0000016C C=CODE    S=_TEXT    G=(none)   M=C:\PROGRAM FILES\BORLAND\CBUILDER6\LIB\CW32.LIB|setargv ACBP=A9
 0001:0000E840 000001E5 C=CODE    S=_TEXT    G=(none)   M=C:\PROGRAM FILES\BORLAND\CBUILDER6\LIB\CW32.LIB|hsargv ACBP=A9
 0001:0000EA28 00000227 C=CODE    S=_TEXT    G=(none)   M=C:\PROGRAM FILES\BORLAND\CBUILDER6\LIB\CW32.LIB|whsargv ACBP=A9
 0001:0000EC50 00000045 C=CODE    S=_TEXT    G=(none)   M=C:\PROGRAM FILES\BORLAND\CBUILDER6\LIB\CW32.LIB|setargv0 ACBP=A9
 0001:0000EC98 000001A0 C=CODE    S=_TEXT    G=(none)   M=C:\PROGRAM FILES\BORLAND\CBUILDER6\LIB\CW32.LIB|setenvp ACBP=A9
 0001:0000EE38 000002F8 C=CODE    S=_TEXT    G=(none)   M=C:\PROGRAM FILES\BORLAND\CBUILDER6\LIB\CW32.LIB|signal ACBP=A9
 0001:0000F130 00000157 C=CODE    S=_TEXT    G=(none)   M=C:\PROGRAM FILES\BORLAND\CBUILDER6\LIB\CW32.LIB|initexit ACBP=A9
 0001:0000F288 000001A4 C=CODE    S=_TEXT    G=(none)   M=C:\PROGRAM FILES\BORLAND\CBUILDER6\LIB\CW32.LIB|startup ACBP=A9
 0001:0000F42C 0000004F C=CODE    S=_TEXT    G=(none)   M=C:\PROGRAM FILES\BORLAND\CBUILDER6\LIB\CW32.LIB|tlsstat ACBP=A9
 0001:0000F47C 000002A4 C=CODE    S=_TEXT    G=(none)   M=C:\PROGRAM FILES\BORLAND\CBUILDER6\LIB\CW32.LIB|timefunc ACBP=A9
 0001:0000F720 00000006 C=CODE    S=_TEXT    G=(none)   M=C:\PROGRAM FILES\BORLAND\CBUILDER6\LIB\CW32.LIB|tzdata ACBP=A9
 0001:0000F728 000001C8 C=CODE    S=_TEXT    G=(none)   M=C:\PROGRAM FILES\BORLAND\CBUILDER6\LIB\CW32.LIB|tzset ACBP=A9
 0001:0000F8F0 00000008 C=CODE    S=_TEXT    G=(none)   M=C:\PROGRAM FILES\BORLAND\CBUILDER6\LIB\CW32.LIB|_tzset ACBP=A9
 0001:0000F8F8 00000156 C=CODE    S=_TEXT    G=(none)   M=C:\PROGRAM FILES\BORLAND\CBUILDER6\LIB\CW32.LIB|statcvt ACBP=A9
 0001:0000FA50 00001BA2 C=CODE    S=_TEXT    G=(none)   M=C:\PROGRAM FILES\BORLAND\CBUILDER6\LIB\CW32.LIB|xx ACBP=A9
 0001:000115F2 00001A24 C=CODE    S=_TEXT    G=(none)   M=C:\PROGRAM FILES\BORLAND\CBUILDER6\LIB\STLP.LIB|dll_main ACBP=A9
 0001:00012FDF 000009E1 C=CODE    S=_TEXT    G=(none)   M=C:\PROGRAM FILES\BORLAND\CBUILDER6\LIB\STLP.LIB|ios ACBP=A9
 0001:00013989 00000A1B C=CODE    S=_TEXT    G=(none)   M=C:\PROGRAM FILES\BORLAND\CBUILDER6\LIB\STLP.LIB|streambuf ACBP=A9
 0001:0001437C 00000638 C=CODE    S=_TEXT    G=(none)   M=C:\PROGRAM FILES\BORLAND\CBUILDER6\LIB\STLP.LIB|stdio_streambuf ACBP=A9
 0001:0001498C 000028E1 C=CODE    S=_TEXT    G=(none)   M=C:\PROGRAM FILES\BORLAND\CBUILDER6\LIB\STLP.LIB|iostream ACBP=A9
 0001:00017254 0000003C C=CODE    S=_TEXT    G=(none)   M=C:\PROGRAM FILES\BORLAND\CBUILDER6\LIB\STLP.LIB|ostream ACBP=A9
 0001:00017277 00000A0E C=CODE    S=_TEXT    G=(none)   M=C:\PROGRAM FILES\BORLAND\CBUILDER6\LIB\STLP.LIB|fstream ACBP=A9
 0001:00017C5D 00000B22 C=CODE    S=_TEXT    G=(none)   M=C:\PROGRAM FILES\BORLAND\CBUILDER6\LIB\STLP.LIB|sstream ACBP=A9
 0001:0001877F 00000599 C=CODE    S=_TEXT    G=(none)   M=C:\PROGRAM FILES\BORLAND\CBUILDER6\LIB\STLP.LIB|codecvt ACBP=A9
 0001:00018D18 000004B7 C=CODE    S=_TEXT    G=(none)   M=C:\PROGRAM FILES\BORLAND\CBUILDER6\LIB\STLP.LIB|collate ACBP=A9
 0001:00019198 00000BEC C=CODE    S=_TEXT    G=(none)   M=C:\PROGRAM FILES\BORLAND\CBUILDER6\LIB\STLP.LIB|ctype ACBP=A9
 0001:00019D84 0000A7DF C=CODE    S=_TEXT    G=(none)   M=C:\PROGRAM FILES\BORLAND\CBUILDER6\LIB\STLP.LIB|monetary ACBP=A9
 0001:0002452C 00008AA7 C=CODE    S=_TEXT    G=(none)   M=C:\PROGRAM FILES\BORLAND\CBUILDER6\LIB\STLP.LIB|num_get ACBP=A9
 0001:0002CFBA 00000D68 C=CODE    S=_TEXT    G=(none)   M=C:\PROGRAM FILES\BORLAND\CBUILDER6\LIB\STLP.LIB|num_get_float ACBP=A9
 0001:0002DD22 00002DD1 C=CODE    S=_TEXT    G=(none)   M=C:\PROGRAM FILES\BORLAND\CBUILDER6\LIB\STLP.LIB|num_put ACBP=A9
 0001:00030ABC 00000944 C=CODE    S=_TEXT    G=(none)   M=C:\PROGRAM FILES\BORLAND\CBUILDER6\LIB\STLP.LIB|num_put_float ACBP=A9
 0001:00031400 0000062F C=CODE    S=_TEXT    G=(none)   M=C:\PROGRAM FILES\BORLAND\CBUILDER6\LIB\STLP.LIB|numpunct ACBP=A9
 0001:000319F8 0000390D C=CODE    S=_TEXT    G=(none)   M=C:\PROGRAM FILES\BORLAND\CBUILDER6\LIB\STLP.LIB|time_facets ACBP=A9
 0001:000352D0 0000015B C=CODE    S=_TEXT    G=(none)   M=C:\PROGRAM FILES\BORLAND\CBUILDER6\LIB\STLP.LIB|locale ACBP=A9
 0001:000353F4 00002D82 C=CODE    S=_TEXT    G=(none)   M=C:\PROGRAM FILES\BORLAND\CBUILDER6\LIB\STLP.LIB|locale_catalog ACBP=A9
 0001:00038140 00000F61 C=CODE    S=_TEXT    G=(none)   M=C:\PROGRAM FILES\BORLAND\CBUILDER6\LIB\STLP.LIB|locale_impl ACBP=A9
 0002:00000000 000000A4 C=DATA    S=_DATA    G=DGROUP   M=C:\PROGRAM FILES\BORLAND\CBUILDER6\LIB\C0X32.OBJ ACBP=A9
 0002:000000A4 00000C20 C=DATA    S=_DATA    G=DGROUP   M=D:\DOCUMENTS\PROJECTS\¿–’»¬¿“Œ–\”Ã≈Õ‹ÿ¿≈Ã\PACK.OBJ ACBP=A9
 0002:00000CC4 00000070 C=DATA    S=_DATA    G=DGROUP   M=C:\PROGRAM FILES\BORLAND\CBUILDER6\LIB\CW32.LIB|new ACBP=A9
 0002:00000D34 00000088 C=DATA    S=_DATA    G=DGROUP   M=C:\PROGRAM FILES\BORLAND\CBUILDER6\LIB\CW32.LIB|setnew ACBP=A9
 0002:00000DA8 00000054 C=DATA    S=_DATA    G=DGROUP   M=C:\PROGRAM FILES\BORLAND\CBUILDER6\LIB\CW32.LIB|vdelldtc ACBP=A9
 0002:00000DFC 00000074 C=DATA    S=_DATA    G=DGROUP   M=C:\PROGRAM FILES\BORLAND\CBUILDER6\LIB\CW32.LIB|vnewldtc ACBP=A9
 0002:00000E70 00000004 C=DATA    S=_DATA    G=DGROUP   M=C:\PROGRAM FILES\BORLAND\CBUILDER6\LIB\CW32.LIB|virtmem ACBP=A9
 0002:00000E74 00000098 C=DATA    S=_DATA    G=DGROUP   M=C:\PROGRAM FILES\BORLAND\CBUILDER6\LIB\CW32.LIB|hrdir_b ACBP=A9
 0002:00000F0C 00000020 C=DATA    S=_DATA    G=DGROUP   M=C:\PROGRAM FILES\BORLAND\CBUILDER6\LIB\CW32.LIB|hrdir_s ACBP=A9
 0002:00000F2C 00000040 C=DATA    S=_DATA    G=DGROUP   M=C:\PROGRAM FILES\BORLAND\CBUILDER6\LIB\CW32.LIB|heap ACBP=A9
 0002:00000F6C 00000070 C=DATA    S=_DATA    G=DGROUP   M=C:\PROGRAM FILES\BORLAND\CBUILDER6\LIB\CW32.LIB|predecl ACBP=A9
 0002:00000FDC 000011DD C=DATA    S=_DATA    G=DGROUP   M=C:\PROGRAM FILES\BORLAND\CBUILDER6\LIB\CW32.LIB|allstl ACBP=A9
 0002:000021B8 000001CD C=DATA    S=_DATA    G=DGROUP   M=C:\PROGRAM FILES\BORLAND\CBUILDER6\LIB\CW32.LIB|rwlocale ACBP=A9
 0002:00002384 00000095 C=DATA    S=_DATA    G=DGROUP   M=C:\PROGRAM FILES\BORLAND\CBUILDER6\LIB\CW32.LIB|stdexcpt ACBP=A9
 0002:00002418 00000004 C=DATA    S=_DATA    G=DGROUP   M=C:\PROGRAM FILES\BORLAND\CBUILDER6\LIB\CW32.LIB|xx_xpf ACBP=A9
 0002:0000241C 00000348 C=DATA    S=_DATA    G=DGROUP   M=C:\PROGRAM FILES\BORLAND\CBUILDER6\LIB\CW32.LIB|xxtype ACBP=A9
 0002:00002764 0000003C C=DATA    S=_DATA    G=DGROUP   M=C:\PROGRAM FILES\BORLAND\CBUILDER6\LIB\CW32.LIB|xxut ACBP=A9
 0002:000027A0 000000E4 C=DATA    S=_DATA    G=DGROUP   M=C:\PROGRAM FILES\BORLAND\CBUILDER6\LIB\CW32.LIB|xxv ACBP=A9
 0002:00002884 00000014 C=DATA    S=_DATA    G=DGROUP   M=C:\PROGRAM FILES\BORLAND\CBUILDER6\LIB\CW32.LIB|except ACBP=A9
 0002:00002898 00000004 C=DATA    S=_DATA    G=DGROUP   M=C:\PROGRAM FILES\BORLAND\CBUILDER6\LIB\CW32.LIB|_cfinfo ACBP=A9
 0002:0000289C 00000004 C=DATA    S=_DATA    G=DGROUP   M=C:\PROGRAM FILES\BORLAND\CBUILDER6\LIB\CW32.LIB|cfinfo ACBP=A9
 0002:000028A0 000004B0 C=DATA    S=_DATA    G=DGROUP   M=C:\PROGRAM FILES\BORLAND\CBUILDER6\LIB\CW32.LIB|files ACBP=A9
 0002:00002D50 000000CC C=DATA    S=_DATA    G=DGROUP   M=C:\PROGRAM FILES\BORLAND\CBUILDER6\LIB\CW32.LIB|files2 ACBP=A9
 0002:00002E1C 00000004 C=DATA    S=_DATA    G=DGROUP   M=C:\PROGRAM FILES\BORLAND\CBUILDER6\LIB\CW32.LIB|fmode ACBP=A9
 0002:00002E20 00000004 C=DATA    S=_DATA    G=DGROUP   M=C:\PROGRAM FILES\BORLAND\CBUILDER6\LIB\CW32.LIB|fmodeptr ACBP=A9
 0002:00002E24 0000012B C=DATA    S=_DATA    G=DGROUP   M=C:\PROGRAM FILES\BORLAND\CBUILDER6\LIB\CW32.LIB|ioerror ACBP=A9
 0002:00002F50 0000047C C=DATA    S=_DATA    G=DGROUP   M=C:\PROGRAM FILES\BORLAND\CBUILDER6\LIB\CW32.LIB|perror ACBP=A9
 0002:000033CC 00000076 C=DATA    S=_DATA    G=DGROUP   M=C:\PROGRAM FILES\BORLAND\CBUILDER6\LIB\CW32.LIB|vprinter ACBP=A9
 0002:00003444 00000202 C=DATA    S=_DATA    G=DGROUP   M=C:\PROGRAM FILES\BORLAND\CBUILDER6\LIB\CW32.LIB|bigctype ACBP=A9
 0002:00003648 00000100 C=DATA    S=_DATA    G=DGROUP   M=C:\PROGRAM FILES\BORLAND\CBUILDER6\LIB\CW32.LIB|cupper ACBP=A9
 0002:00003748 00000260 C=DATA    S=_DATA    G=DGROUP   M=C:\PROGRAM FILES\BORLAND\CBUILDER6\LIB\CW32.LIB|clocale ACBP=A9
 0002:000039A8 000000C0 C=DATA    S=_DATA    G=DGROUP   M=C:\PROGRAM FILES\BORLAND\CBUILDER6\LIB\CW32.LIB|_pow10 ACBP=A9
 0002:00003A68 00000068 C=DATA    S=_DATA    G=DGROUP   M=C:\PROGRAM FILES\BORLAND\CBUILDER6\LIB\CW32.LIB|cvtfak ACBP=A9
 0002:00003AD0 00000068 C=DATA    S=_DATA    G=DGROUP   M=C:\PROGRAM FILES\BORLAND\CBUILDER6\LIB\CW32.LIB|cvtfakw ACBP=A9
 0002:00003B38 00000004 C=DATA    S=_DATA    G=DGROUP   M=C:\PROGRAM FILES\BORLAND\CBUILDER6\LIB\CW32.LIB|deflt87 ACBP=A9
 0002:00003B3C 0000007C C=DATA    S=_DATA    G=DGROUP   M=C:\PROGRAM FILES\BORLAND\CBUILDER6\LIB\CW32.LIB|hugeval ACBP=A9
 0002:00003BB8 00000008 C=DATA    S=_DATA    G=DGROUP   M=C:\PROGRAM FILES\BORLAND\CBUILDER6\LIB\CW32.LIB|initcvt ACBP=A9
 0002:00003BC0 00000008 C=DATA    S=_DATA    G=DGROUP   M=C:\PROGRAM FILES\BORLAND\CBUILDER6\LIB\CW32.LIB|mathptr ACBP=A9
 0002:00003BC8 00000014 C=DATA    S=_DATA    G=DGROUP   M=C:\PROGRAM FILES\BORLAND\CBUILDER6\LIB\CW32.LIB|realcvt ACBP=A9
 0002:00003BDC 00000028 C=DATA    S=_DATA    G=DGROUP   M=C:\PROGRAM FILES\BORLAND\CBUILDER6\LIB\CW32.LIB|realcvtw ACBP=A9
 0002:00003C04 00000028 C=DATA    S=_DATA    G=DGROUP   M=C:\PROGRAM FILES\BORLAND\CBUILDER6\LIB\CW32.LIB|scantod ACBP=A9
 0002:00003C2C 00000028 C=DATA    S=_DATA    G=DGROUP   M=C:\PROGRAM FILES\BORLAND\CBUILDER6\LIB\CW32.LIB|scanwtod ACBP=A9
 0002:00003C54 00000048 C=DATA    S=_DATA    G=DGROUP   M=C:\PROGRAM FILES\BORLAND\CBUILDER6\LIB\CW32.LIB|mbctype ACBP=A9
 0002:00003C9C 00000024 C=DATA    S=_DATA    G=DGROUP   M=C:\PROGRAM FILES\BORLAND\CBUILDER6\LIB\CW32.LIB|assert ACBP=A9
 0002:00003CC0 00000024 C=DATA    S=_DATA    G=DGROUP   M=C:\PROGRAM FILES\BORLAND\CBUILDER6\LIB\CW32.LIB|ermsghlp ACBP=A9
 0002:00003CE4 00000004 C=DATA    S=_DATA    G=DGROUP   M=C:\PROGRAM FILES\BORLAND\CBUILDER6\LIB\CW32.LIB|errno ACBP=A9
 0002:00003CE8 00000010 C=DATA    S=_DATA    G=DGROUP   M=C:\PROGRAM FILES\BORLAND\CBUILDER6\LIB\CW32.LIB|errormsg ACBP=A9
 0002:00003CF8 00000028 C=DATA    S=_DATA    G=DGROUP   M=C:\PROGRAM FILES\BORLAND\CBUILDER6\LIB\CW32.LIB|platform ACBP=A9
 0002:00003D20 00000020 C=DATA    S=_DATA    G=DGROUP   M=C:\PROGRAM FILES\BORLAND\CBUILDER6\LIB\CW32.LIB|abort ACBP=A9
 0002:00003D40 00000004 C=DATA    S=_DATA    G=DGROUP   M=C:\PROGRAM FILES\BORLAND\CBUILDER6\LIB\CW32.LIB|patexit ACBP=A9
 0002:00003D44 0000000C C=DATA    S=_DATA    G=DGROUP   M=C:\PROGRAM FILES\BORLAND\CBUILDER6\LIB\CW32.LIB|exit ACBP=A9
 0002:00003D50 00000008 C=DATA    S=_DATA    G=DGROUP   M=C:\PROGRAM FILES\BORLAND\CBUILDER6\LIB\CW32.LIB|saptr ACBP=A9
 0002:00003D58 00000008 C=DATA    S=_DATA    G=DGROUP   M=C:\PROGRAM FILES\BORLAND\CBUILDER6\LIB\CW32.LIB|wsaptr ACBP=A9
 0002:00003D60 00000054 C=DATA    S=_DATA    G=DGROUP   M=C:\PROGRAM FILES\BORLAND\CBUILDER6\LIB\CW32.LIB|setargv ACBP=A9
 0002:00003DB4 00000028 C=DATA    S=_DATA    G=DGROUP   M=C:\PROGRAM FILES\BORLAND\CBUILDER6\LIB\CW32.LIB|hsargv ACBP=A9
 0002:00003DDC 00000024 C=DATA    S=_DATA    G=DGROUP   M=C:\PROGRAM FILES\BORLAND\CBUILDER6\LIB\CW32.LIB|whsargv ACBP=A9
 0002:00003E00 00000004 C=DATA    S=_DATA    G=DGROUP   M=C:\PROGRAM FILES\BORLAND\CBUILDER6\LIB\CW32.LIB|wildptr ACBP=A9
 0002:00003E04 00000004 C=DATA    S=_DATA    G=DGROUP   M=C:\PROGRAM FILES\BORLAND\CBUILDER6\LIB\CW32.LIB|wwildptr ACBP=A9
 0002:00003E08 00000020 C=DATA    S=_DATA    G=DGROUP   M=C:\PROGRAM FILES\BORLAND\CBUILDER6\LIB\CW32.LIB|setargv0 ACBP=A9
 0002:00003E28 00000054 C=DATA    S=_DATA    G=DGROUP   M=C:\PROGRAM FILES\BORLAND\CBUILDER6\LIB\CW32.LIB|setenvp ACBP=A9
 0002:00003E7C 0000005E C=DATA    S=_DATA    G=DGROUP   M=C:\PROGRAM FILES\BORLAND\CBUILDER6\LIB\CW32.LIB|signal ACBP=A9
 0002:00003EDC 00000004 C=DATA    S=_DATA    G=DGROUP   M=C:\PROGRAM FILES\BORLAND\CBUILDER6\LIB\CW32.LIB|globals ACBP=A9
 0002:00003EE0 00000004 C=DATA    S=_DATA    G=DGROUP   M=C:\PROGRAM FILES\BORLAND\CBUILDER6\LIB\CW32.LIB|initexit ACBP=A9
 0002:00003EE4 000001C4 C=DATA    S=_DATA    G=DGROUP   M=C:\PROGRAM FILES\BORLAND\CBUILDER6\LIB\CW32.LIB|timedata ACBP=A9
 0002:000040A8 00000008 C=DATA    S=_DATA    G=DGROUP   M=C:\PROGRAM FILES\BORLAND\CBUILDER6\LIB\CW32.LIB|tzdata ACBP=A9
 0002:000040B0 00000010 C=DATA    S=_DATA    G=DGROUP   M=C:\PROGRAM FILES\BORLAND\CBUILDER6\LIB\CW32.LIB|tzset ACBP=A9
 0002:000040C0 0000088C C=DATA    S=_DATA    G=DGROUP   M=C:\PROGRAM FILES\BORLAND\CBUILDER6\LIB\CW32.LIB|xx ACBP=A9
 0002:0000494C 00000E60 C=DATA    S=_DATA    G=DGROUP   M=C:\PROGRAM FILES\BORLAND\CBUILDER6\LIB\STLP.LIB|dll_main ACBP=A9
 0002:000057A4 000003C4 C=DATA    S=_DATA    G=DGROUP   M=C:\PROGRAM FILES\BORLAND\CBUILDER6\LIB\STLP.LIB|ios ACBP=A9
 0002:00005B60 000001F0 C=DATA    S=_DATA    G=DGROUP   M=C:\PROGRAM FILES\BORLAND\CBUILDER6\LIB\STLP.LIB|streambuf ACBP=A9
 0002:00005D50 0000015C C=DATA    S=_DATA    G=DGROUP   M=C:\PROGRAM FILES\BORLAND\CBUILDER6\LIB\STLP.LIB|stdio_streambuf ACBP=A9
 0002:00005EAC 00000810 C=DATA    S=_DATA    G=DGROUP   M=C:\PROGRAM FILES\BORLAND\CBUILDER6\LIB\STLP.LIB|iostream ACBP=A9
 0002:000066B4 00000008 C=DATA    S=_DATA    G=DGROUP   M=C:\PROGRAM FILES\BORLAND\CBUILDER6\LIB\STLP.LIB|ostream ACBP=A9
 0002:000066B4 00000050 C=DATA    S=_DATA    G=DGROUP   M=C:\PROGRAM FILES\BORLAND\CBUILDER6\LIB\STLP.LIB|fstream ACBP=A9
 0002:000066C0 000001BC C=DATA    S=_DATA    G=DGROUP   M=C:\PROGRAM FILES\BORLAND\CBUILDER6\LIB\STLP.LIB|sstream ACBP=A9
 0002:0000687C 000000A0 C=DATA    S=_DATA    G=DGROUP   M=C:\PROGRAM FILES\BORLAND\CBUILDER6\LIB\STLP.LIB|codecvt ACBP=A9
 0002:0000691C 00000138 C=DATA    S=_DATA    G=DGROUP   M=C:\PROGRAM FILES\BORLAND\CBUILDER6\LIB\STLP.LIB|collate ACBP=A9
 0002:00006A4C 000006F0 C=DATA    S=_DATA    G=DGROUP   M=C:\PROGRAM FILES\BORLAND\CBUILDER6\LIB\STLP.LIB|ctype ACBP=A9
 0002:0000713C 0000151C C=DATA    S=_DATA    G=DGROUP   M=C:\PROGRAM FILES\BORLAND\CBUILDER6\LIB\STLP.LIB|monetary ACBP=A9
 0002:00008650 00000454 C=DATA    S=_DATA    G=DGROUP   M=C:\PROGRAM FILES\BORLAND\CBUILDER6\LIB\STLP.LIB|num_get ACBP=A9
 0002:00008A9C 0000033C C=DATA    S=_DATA    G=DGROUP   M=C:\PROGRAM FILES\BORLAND\CBUILDER6\LIB\STLP.LIB|num_get_float ACBP=A9
 0002:00008DC8 000002D8 C=DATA    S=_DATA    G=DGROUP   M=C:\PROGRAM FILES\BORLAND\CBUILDER6\LIB\STLP.LIB|num_put ACBP=A9
 0002:00009098 00000020 C=DATA    S=_DATA    G=DGROUP   M=C:\PROGRAM FILES\BORLAND\CBUILDER6\LIB\STLP.LIB|num_put_float ACBP=A9
 0002:000090B8 000002F0 C=DATA    S=_DATA    G=DGROUP   M=C:\PROGRAM FILES\BORLAND\CBUILDER6\LIB\STLP.LIB|numpunct ACBP=A9
 0002:000093A0 00000458 C=DATA    S=_DATA    G=DGROUP   M=C:\PROGRAM FILES\BORLAND\CBUILDER6\LIB\STLP.LIB|time_facets ACBP=A9
 0002:000097F0 000000AC C=DATA    S=_DATA    G=DGROUP   M=C:\PROGRAM FILES\BORLAND\CBUILDER6\LIB\STLP.LIB|locale ACBP=A9
 0002:00009894 0000090C C=DATA    S=_DATA    G=DGROUP   M=C:\PROGRAM FILES\BORLAND\CBUILDER6\LIB\STLP.LIB|locale_catalog ACBP=A9
 0002:0000A198 000006B4 C=DATA    S=_DATA    G=DGROUP   M=C:\PROGRAM FILES\BORLAND\CBUILDER6\LIB\STLP.LIB|locale_impl ACBP=A9
 0003:00000000 00041711 C=BSS     S=_BSS     G=DGROUP   M=D:\DOCUMENTS\PROJECTS\¿–’»¬¿“Œ–\”Ã≈Õ‹ÿ¿≈Ã\PACK.OBJ ACBP=A9
 0003:00041714 00000008 C=BSS     S=_BSS     G=DGROUP   M=C:\PROGRAM FILES\BORLAND\CBUILDER6\LIB\CW32.LIB|setnew ACBP=A9
 0003:0004171C 00000018 C=BSS     S=_BSS     G=DGROUP   M=C:\PROGRAM FILES\BORLAND\CBUILDER6\LIB\CW32.LIB|hrdir_b ACBP=A9
 0003:00041734 00000008 C=BSS     S=_BSS     G=DGROUP   M=C:\PROGRAM FILES\BORLAND\CBUILDER6\LIB\CW32.LIB|predecl ACBP=A9
 0003:0004173C 00000008 C=BSS     S=_BSS     G=DGROUP   M=C:\PROGRAM FILES\BORLAND\CBUILDER6\LIB\CW32.LIB|rwlocale ACBP=A9
 0003:00041740 00000408 C=BSS     S=_BSS     G=DGROUP   M=C:\PROGRAM FILES\BORLAND\CBUILDER6\LIB\CW32.LIB|xxtype ACBP=A9
 0003:00041B48 00000008 C=BSS     S=_BSS     G=DGROUP   M=C:\PROGRAM FILES\BORLAND\CBUILDER6\LIB\CW32.LIB|xxv ACBP=A9
 0003:00041B50 00000008 C=BSS     S=_BSS     G=DGROUP   M=C:\PROGRAM FILES\BORLAND\CBUILDER6\LIB\CW32.LIB|except ACBP=A9
 0003:00041B58 00000190 C=BSS     S=_BSS     G=DGROUP   M=C:\PROGRAM FILES\BORLAND\CBUILDER6\LIB\CW32.LIB|files2 ACBP=A9
 0003:00041CE8 00000004 C=BSS     S=_BSS     G=DGROUP   M=C:\PROGRAM FILES\BORLAND\CBUILDER6\LIB\CW32.LIB|ioerror ACBP=A9
 0003:00041CEC 00000001 C=BSS     S=_BSS     G=DGROUP   M=C:\PROGRAM FILES\BORLAND\CBUILDER6\LIB\CW32.LIB|lgetc ACBP=A9
 0003:00041CF0 0000002A C=BSS     S=_BSS     G=DGROUP   M=C:\PROGRAM FILES\BORLAND\CBUILDER6\LIB\CW32.LIB|efcvt ACBP=A9
 0003:00041D1C 00000108 C=BSS     S=_BSS     G=DGROUP   M=C:\PROGRAM FILES\BORLAND\CBUILDER6\LIB\CW32.LIB|mbctype ACBP=A9
 0003:00041E24 00000100 C=BSS     S=_BSS     G=DGROUP   M=C:\PROGRAM FILES\BORLAND\CBUILDER6\LIB\CW32.LIB|assert ACBP=A9
 0003:00041F24 00000019 C=BSS     S=_BSS     G=DGROUP   M=C:\PROGRAM FILES\BORLAND\CBUILDER6\LIB\CW32.LIB|ermsghlp ACBP=A9
 0003:00041F40 00000004 C=BSS     S=_BSS     G=DGROUP   M=C:\PROGRAM FILES\BORLAND\CBUILDER6\LIB\CW32.LIB|platform ACBP=A9
 0003:00041F44 0000000C C=BSS     S=_BSS     G=DGROUP   M=C:\PROGRAM FILES\BORLAND\CBUILDER6\LIB\CW32.LIB|setargv ACBP=A9
 0003:00041F50 00000004 C=BSS     S=_BSS     G=DGROUP   M=C:\PROGRAM FILES\BORLAND\CBUILDER6\LIB\CW32.LIB|hsargv ACBP=A9
 0003:00041F54 00000004 C=BSS     S=_BSS     G=DGROUP   M=C:\PROGRAM FILES\BORLAND\CBUILDER6\LIB\CW32.LIB|whsargv ACBP=A9
 0003:00041F58 00000010 C=BSS     S=_BSS     G=DGROUP   M=C:\PROGRAM FILES\BORLAND\CBUILDER6\LIB\CW32.LIB|setenvp ACBP=A9
 0003:00041F68 00000040 C=BSS     S=_BSS     G=DGROUP   M=C:\PROGRAM FILES\BORLAND\CBUILDER6\LIB\CW32.LIB|globals ACBP=A9
 0003:00041FA8 00000008 C=BSS     S=_BSS     G=DGROUP   M=C:\PROGRAM FILES\BORLAND\CBUILDER6\LIB\CW32.LIB|tzset ACBP=A9
 0003:00041FB0 00000010 C=BSS     S=_BSS     G=DGROUP   M=C:\PROGRAM FILES\BORLAND\CBUILDER6\LIB\CW32.LIB|xx ACBP=A9
 0003:00041FC0 00000420 C=BSS     S=_BSS     G=DGROUP   M=C:\PROGRAM FILES\BORLAND\CBUILDER6\LIB\STLP.LIB|iostream ACBP=A9
 0003:000423E0 00000030 C=BSS     S=_BSS     G=DGROUP   M=C:\PROGRAM FILES\BORLAND\CBUILDER6\LIB\STLP.LIB|monetary ACBP=A9
 0003:00042410 00000090 C=BSS     S=_BSS     G=DGROUP   M=C:\PROGRAM FILES\BORLAND\CBUILDER6\LIB\STLP.LIB|numpunct ACBP=A9
 0003:000424A0 00000008 C=BSS     S=_BSS     G=DGROUP   M=C:\PROGRAM FILES\BORLAND\CBUILDER6\LIB\STLP.LIB|locale ACBP=A9
 0003:000424A8 00000030 C=BSS     S=_BSS     G=DGROUP   M=C:\PROGRAM FILES\BORLAND\CBUILDER6\LIB\STLP.LIB|locale_catalog ACBP=A9
 0003:000424D8 00001364 C=BSS     S=_BSS     G=DGROUP   M=C:\PROGRAM FILES\BORLAND\CBUILDER6\LIB\STLP.LIB|locale_impl ACBP=A9
 0004:00000000 0000009C C=TLS     S=_TLS     G=DGROUP   M=C:\PROGRAM FILES\BORLAND\CBUILDER6\LIB\CW32.LIB|xxv ACBP=A9

 Address Publics by Name

 0002:00000B28  @_STL@%basic_filebuf$c20_STL@%char_traits$c%%@3
 0002:00000BB4  @_STL@%basic_ifstream$c20_STL@%char_traits$c%%@3
 0002:00000B88  @_STL@%basic_ios$c20_STL@%char_traits$c%%@3
 0002:00000B98  @_STL@%basic_istream$c20_STL@%char_traits$c%%@3
 0002:00000BD0  @_STL@%basic_ofstream$c20_STL@%char_traits$c%%@3
 0002:00000B6C  @_STL@%basic_ostream$c20_STL@%char_traits$c%%@3
 0002:0000987C  @_STL@_Locale_impl@3
 0002:0000570C  @_STL@__Named_exception@3
 0002:00005B18  @_STL@ios_base@3
 0002:00005B28  @_STL@ios_base@failure@3
 0002:00005720  @_STL@length_error@3
 0002:0000712C  @_STL@locale@facet@3
 0002:00005734  @_STL@logic_error@3
 0002:00005E24  @_SgI@stdio_istreambuf@3
 0002:00005DE0  @_SgI@stdio_ostreambuf@3
 0002:00005E68  @_SgI@stdio_streambuf_base@3
 0002:000021A8  @__rwstd@ref_counted@3
 0002:00000D20  @std@bad_alloc@3
 0002:00000FC8  @std@bad_cast@3
 0002:00000FB4  @std@bad_typeid@3
 0002:00000D0C  @std@exception@3
 0002:00002754  @std@type_info@3
 0002:00002744  @type_info_hash@3
 0001:00000250  Sysinit::__linkproc__ __fastcall GetTls()
 0002:00003858  _CLOCALE
 0002:00003748  _CMonetary
 0002:0000377C  _CNumeric
 0002:00003794  _CTimeDate
 0001:0001027C  _CatchCleanup()
 0001:00009554  _InitTermAndUnexPtrs()
 0001:000100D5  _ReThrowException(unsigned int, unsigned char *)
 0001:00005D38  _STL::_Filebuf_Tmp_Buf<char>::~_Filebuf_Tmp_Buf<char>()
 0001:00017230  _STL::_Filebuf_Tmp_Buf<wchar_t>::~_Filebuf_Tmp_Buf<wchar_t>()
 0001:000172C4  _STL::_Filebuf_base::_Filebuf_base()
 0001:000174CC  _STL::_Filebuf_base::_M_close()
 0001:00017330  _STL::_Filebuf_base::_M_file_size()
 0001:000177F8  _STL::_Filebuf_base::_M_mmap(long, long)
 0001:00017474  _STL::_Filebuf_base::_M_open(const char *, int)
 0001:00017344  _STL::_Filebuf_base::_M_open(const char *, int, long)
 0001:00017494  _STL::_Filebuf_base::_M_open(int, int)
 0002:000066B4  _STL::_Filebuf_base::_M_page_size
 0001:00017514  _STL::_Filebuf_base::_M_read(char *, int)
 0001:00017768  _STL::_Filebuf_base::_M_seek(long, int)
 0001:00017870  _STL::_Filebuf_base::_M_unmap(void *, long)
 0001:000175F0  _STL::_Filebuf_base::_M_write(char *, int)
 0001:000319F8  _STL::_Init_timeinfo(_STL::_Time_Info&)
 0001:0002CFBC  _STL::_Initialize_get_float(const _STL::ctype<wchar_t>&, wchar_t&, wchar_t&, wchar_t&, wchar_t&, wchar_t *)
 0003:000423D8  _STL::_IosInit
 0002:000055D4  _STL::_LimG<bool>::_D_inf
 0002:000055DC  _STL::_LimG<bool>::_L_inf
 0003:000423D0  _STL::_LocInit
 0001:0003831C  _STL::_Locale_impl::_Locale_impl(const char *)
 0001:0003843C  _STL::_Locale_impl::_M_throw_bad_cast()
 0001:00038434  _STL::_Locale_impl::decr()
 0001:0003842C  _STL::_Locale_impl::incr()
 0001:00038490  _STL::_Locale_impl::make_classic_locale()
 0001:000383A0  _STL::_Locale_impl::~_Locale_impl()
 0001:0000390C  _STL::_M_ignore_buffered<char, _STL::char_traits<char>, _STL::_Is_not_wspace<_STL::char_traits<char> >, _STL::_Scan_for_not_wspace<_STL::char_traits<char> > >(_STL::basic_istream<char, _STL::char_traits<char> > *, _STL::basic_streambuf<char, _STL::char_traits<char> > *, ...
 0001:00003C1C  _STL::_M_read_buffered<char, _STL::char_traits<char>, _STL::_Is_wspace_null<_STL::char_traits<char> >, _STL::_Scan_wspace_null<_STL::char_traits<char> > >(_STL::basic_istream<char, _STL::char_traits<char> > *, _STL::basic_streambuf<char, _STL::char_traits<char> > *, int, char *, ...
 0002:00005348  _STL::_Node_Alloc_Lock<1, 0>::_S_lock
 0001:00012DF8  _STL::_Node_Alloc_Lock<1, 0>::~_Node_Alloc_Lock<1, 0>()
 0001:000043F4  _STL::_OKToMemCpy<char, char>::_Ret()
 0001:00018AC0  _STL::_OKToMemCpy<char, wchar_t>::_Ret()
 0001:00011F1C  _STL::_OKToMemCpy<void *, void *>::_Ret()
 0001:000189E0  _STL::_OKToMemCpy<wchar_t, char>::_Ret()
 0001:00017EA8  _STL::_OKToMemCpy<wchar_t, wchar_t>::_Ret()
 0001:00005F88  _STL::_STLP_alloc_proxy<char *, char, _STL::allocator<char> >::~_STLP_alloc_proxy<char *, char, _STL::allocator<char> >()
 0001:00038108  _STL::_STLP_alloc_proxy<unsigned int, _STL::_Hashtable_node<_STL::pair<const char * const, _STL::pair<void *, unsigned int> > >, _STL::allocator<_STL::_Hashtable_node<_STL::pair<const char * const, _STL::pair<void *, unsigned int> > > > >::~_STLP_alloc_proxy<unsigned int, _STL::_Hashtable_node<_STL::pair<const char * const, _STL::pair<void *, unsigned int> > >, _STL::allocator<_STL::_Hashtable_node<_STL::pair<const char * const, _STL::pair<void *, unsigned int> > > > >()
 0001:00012FA8  _STL::_STLP_alloc_proxy<void * *, void *, _STL::allocator<void *> >::~_STLP_alloc_proxy<void * *, void *, _STL::allocator<void *> >()
 0001:00018748  _STL::_STLP_alloc_proxy<wchar_t *, wchar_t, _STL::allocator<wchar_t> >::~_STLP_alloc_proxy<wchar_t *, wchar_t, _STL::allocator<wchar_t> >()
 0001:0001390C  _STL::_STLP_auto_lock::~_STLP_auto_lock()
 0001:00006070  _STL::_STLP_mutex::~_STLP_mutex()
 0001:000117B4  _STL::_STLP_mutex_spin<0>::_M_do_lock(volatile long *)
 0001:0001188C  _STL::_STLP_mutex_spin<0>::_S_nsec_sleep(int)
 0002:00005350  _STL::_STLP_mutex_spin<0>::__last
 0002:0000534C  _STL::_STLP_mutex_spin<0>::__max
 0003:000423E0  _STL::_S_empty_string
 0003:000423F8  _STL::_S_empty_wstring
 0001:0002D594  _STL::_Stl_atod(char *, int, int)
 0001:00014A98  _STL::_Stl_create_filebuf(std::FILE *, int)
 0001:00014B84  _STL::_Stl_create_wfilebuf(std::FILE *, int)
 0003:00043820  _STL::_Stl_loc_classic_locale
 0002:0000A238  _STL::_Stl_loc_global_impl
 0002:0000A23C  _STL::_Stl_loc_global_locale_lock
 0001:0002D050  _STL::_Stl_norm_and_round(unsigned long long&, int&, unsigned long long, unsigned long long)
 0002:00005564  _STL::_Stl_prime<bool>::_M_list
 0001:0002D94C  _STL::_Stl_string_to_double(const char *)
 0001:0002DAFC  _STL::_Stl_string_to_long_double(const char *)
 0001:0002D14C  _STL::_Stl_tenscale(unsigned long long&, int, int&)
 0001:00011698  _STL::_String_base<char, _STL::allocator<char> >::_M_allocate_block(unsigned int)
 0001:00004430  _STL::_String_base<char, _STL::allocator<char> >::_M_throw_length_error() const
 0001:00005E3C  _STL::_String_base<char, _STL::allocator<char> >::~_String_base<char, _STL::allocator<char> >()
 0001:00017E38  _STL::_String_base<wchar_t, _STL::allocator<wchar_t> >::_M_allocate_block(unsigned int)
 0001:00017E98  _STL::_String_base<wchar_t, _STL::allocator<wchar_t> >::_M_throw_length_error() const
 0001:0001867C  _STL::_String_base<wchar_t, _STL::allocator<wchar_t> >::~_String_base<wchar_t, _STL::allocator<wchar_t> >()
 0001:00037C70  _STL::_Time_Info::~_Time_Info()
 0001:0001789C  _STL::_Underflow<char, _STL::char_traits<char> >::_M_doit(_STL::basic_filebuf<char, _STL::char_traits<char> > *)
 0001:00016C78  _STL::_Underflow<wchar_t, _STL::char_traits<wchar_t> >::_M_doit(_STL::basic_filebuf<wchar_t, _STL::char_traits<wchar_t> > *)
 0001:00012EA8  _STL::_Vector_base<void *, _STL::allocator<void *> >::~_Vector_base<void *, _STL::allocator<void *> >()
 0001:00011D00  _STL::__Named_exception::__Named_exception(const _STL::basic_string<char, _STL::char_traits<char>, _STL::allocator<char> >&)
 0001:00011D90  _STL::__Named_exception::what() const
 0001:00011DB8  _STL::__Named_exception::~__Named_exception()
 0001:000313B4  _STL::__adjust_float_buffer(char *, char *, char)
 0002:00009894  _STL::__category_hash_lock
 0001:000142B8  _STL::__char_traits_base<wchar_t, wchar_t>::assign(wchar_t *, unsigned int, wchar_t)
 0001:00017254  _STL::__char_traits_base<wchar_t, wchar_t>::length(const wchar_t *)
 0001:0003131C  _STL::__convert_float_buffer(const char *, const char *, wchar_t *, const _STL::ctype<wchar_t>&, wchar_t)
 0001:00031DFC  _STL::__copy<const char *, _STL::back_insert_iterator<_STL::basic_string<char, _STL::char_traits<char>, _STL::allocator<char> > >, int>(const char *, const char *, _STL::back_insert_iterator<_STL::basic_string<char, _STL::char_traits<char>, _STL::allocator<char> > >, const _STL::random_access_iterator_tap
 0001:0002B7E4  _STL::__copy_grouped_digits<_STL::istreambuf_iterator<char, _STL::char_traits<char> >, char>(_STL::istreambuf_iterator<char, _STL::char_traits<char> >&, _STL::istreambuf_iterator<char, _STL::char_traits<char> >&, _STL::basic_string<char, _STL::char_traits<char>, _STL::allocator<char> >&, const char *, char, ...
 0001:000272F4  _STL::__copy_grouped_digits<_STL::istreambuf_iterator<wchar_t, _STL::char_traits<wchar_t> >, wchar_t>(_STL::istreambuf_iterator<wchar_t, _STL::char_traits<wchar_t> >&, _STL::istreambuf_iterator<wchar_t, _STL::char_traits<wchar_t> >&, _STL::basic_string<char, _STL::char_traits<char>, _STL::allocator<char> >&, const wchar_t *, wchar_t, ...
 0002:00008668  _STL::__digit_val_table
 0001:00030BAC  _STL::__format_float_fixed(char *, const char *, int, int, bool, int, int, bool)
 0001:00030ABC  _STL::__format_float_scientific(char *, const char *, int, int, bool, int, int, bool)
 0001:00030C90  _STL::__format_nan_or_inf(char *, double, int)
 0001:00011CF4  _STL::__get_c_string(const _STL::basic_string<char, _STL::char_traits<char>, _STL::allocator<char> >&)
 0001:0002461C  _STL::__get_fdigit(wchar_t&, const wchar_t *)
 0001:00024658  _STL::__get_fdigit_or_sep(wchar_t&, wchar_t, const wchar_t *)
 0001:0001CE18  _STL::__get_monetary_value<_STL::istreambuf_iterator<char, _STL::char_traits<char> >, _STL::back_insert_iterator<_STL::basic_string<char, _STL::char_traits<char>, _STL::allocator<char> > >, char>(_STL::istreambuf_iterator<char, _STL::char_traits<char> >&, ...
 0001:00021B28  _STL::__get_monetary_value<_STL::istreambuf_iterator<wchar_t, _STL::char_traits<wchar_t> >, _STL::back_insert_iterator<_STL::basic_string<wchar_t, _STL::char_traits<wchar_t>, _STL::allocator<wchar_t> > >, wchar_t>(_STL::istreambuf_iterator<wchar_t, _STL::char_traits<wchar_t> >&, ...
 0002:00008DDA  _STL::__hex_char_table_hi
 0002:00008DC8  _STL::__hex_char_table_lo
 0001:0002DF30  _STL::__insert_grouping(char *, char *, const _STL::basic_string<char, _STL::char_traits<char>, _STL::allocator<char> >&, char, char, char, int)
 0001:0002E068  _STL::__insert_grouping(wchar_t *, wchar_t *, const _STL::basic_string<char, _STL::char_traits<char>, _STL::allocator<char> >&, wchar_t, wchar_t, wchar_t, int)
 0001:00032CE8  _STL::__match<_STL::istreambuf_iterator<char, _STL::char_traits<char> >, _STL::basic_string<char, _STL::char_traits<char>, _STL::allocator<char> > *, long>(_STL::istreambuf_iterator<char, _STL::char_traits<char> >&, _STL::istreambuf_iterator<char, _STL::char_traits<char> >&, ...
 0001:00032CC8  _STL::__match<_STL::istreambuf_iterator<char, _STL::char_traits<char> >, _STL::basic_string<char, _STL::char_traits<char>, _STL::allocator<char> > *>(_STL::istreambuf_iterator<char, _STL::char_traits<char> >&, _STL::istreambuf_iterator<char, _STL::char_traits<char> >&, ...
 0001:000335CC  _STL::__match<_STL::istreambuf_iterator<char, _STL::char_traits<char> >, const _STL::basic_string<char, _STL::char_traits<char>, _STL::allocator<char> > *, long>(_STL::istreambuf_iterator<char, _STL::char_traits<char> >&, _STL::istreambuf_iterator<char, _STL::char_traits<char> >&, ...
 0001:000335AC  _STL::__match<_STL::istreambuf_iterator<char, _STL::char_traits<char> >, const _STL::basic_string<char, _STL::char_traits<char>, _STL::allocator<char> > *>(_STL::istreambuf_iterator<char, _STL::char_traits<char> >&, _STL::istreambuf_iterator<char, _STL::char_traits<char> >&, ...
 0001:000342EC  _STL::__match<_STL::istreambuf_iterator<wchar_t, _STL::char_traits<wchar_t> >, _STL::basic_string<char, _STL::char_traits<char>, _STL::allocator<char> > *, long>(_STL::istreambuf_iterator<wchar_t, _STL::char_traits<wchar_t> >&, _STL::istreambuf_iterator<wchar_t, _STL::char_traits<wchar_t> >&, ...
 0001:000342CC  _STL::__match<_STL::istreambuf_iterator<wchar_t, _STL::char_traits<wchar_t> >, _STL::basic_string<char, _STL::char_traits<char>, _STL::allocator<char> > *>(_STL::istreambuf_iterator<wchar_t, _STL::char_traits<wchar_t> >&, _STL::istreambuf_iterator<wchar_t, _STL::char_traits<wchar_t> >&, ...
 0001:00034BB8  _STL::__match<_STL::istreambuf_iterator<wchar_t, _STL::char_traits<wchar_t> >, const _STL::basic_string<char, _STL::char_traits<char>, _STL::allocator<char> > *, long>(_STL::istreambuf_iterator<wchar_t, _STL::char_traits<wchar_t> >&, _STL::istreambuf_iterator<wchar_t, _STL::char_traits<wchar_t> >&, ...
 0001:00034B98  _STL::__match<_STL::istreambuf_iterator<wchar_t, _STL::char_traits<wchar_t> >, const _STL::basic_string<char, _STL::char_traits<char>, _STL::allocator<char> > *>(_STL::istreambuf_iterator<wchar_t, _STL::char_traits<wchar_t> >&, _STL::istreambuf_iterator<wchar_t, _STL::char_traits<wchar_t> >&, ...
 0002:000086E8  _STL::__narrow_atoms
 0001:000116EC  _STL::__node_alloc<1, 0>::_M_allocate(unsigned int)
 0001:00011A9C  _STL::__node_alloc<1, 0>::_M_deallocate(void *, unsigned int)
 0001:00011904  _STL::__node_alloc<1, 0>::_S_chunk_alloc(unsigned int, int&)
 0002:00005354  _STL::__node_alloc<1, 0>::_S_end_free
 0002:00005308  _STL::__node_alloc<1, 0>::_S_free_list
 0002:0000535C  _STL::__node_alloc<1, 0>::_S_heap_size
 0001:00011894  _STL::__node_alloc<1, 0>::_S_refill(unsigned int)
 0002:00005358  _STL::__node_alloc<1, 0>::_S_start_free
 0001:0002EDB4  _STL::__put_float<_STL::ostreambuf_iterator<char, _STL::char_traits<char> > >(char *, char *, _STL::ostreambuf_iterator<char, _STL::char_traits<char> >, _STL::ios_base&, char, char, char, const _STL::basic_string<char, _STL::char_traits<char>, _STL::allocator<char> >&)...
 0001:0003030C  _STL::__put_float<_STL::ostreambuf_iterator<wchar_t, _STL::char_traits<wchar_t> > >(char *, char *, _STL::ostreambuf_iterator<wchar_t, _STL::char_traits<wchar_t> >, _STL::ios_base&, wchar_t, wchar_t, wchar_t, const _STL::basic_string<char, _STL::char_traits<char>, _STL::allocator<char> >&)...
 0001:00011A38  _STL::__stl_debug_engine<bool>::_Assert(const char *, const char *, int)
 0001:00011A5C  _STL::__stl_debug_engine<bool>::_Message(const char *, ...)
 0002:00005360  _STL::__stl_debug_engine<bool>::_Message_table
 0001:00011A94  _STL::__stl_debug_engine<bool>::_Terminate()
 0001:00035AB8  _STL::__stl_hash_string(const char *)
 0001:00011B00  _STL::__stl_throw_length_error(const char *)
 0001:0002DCF4  _STL::__string_to_float(const _STL::basic_string<char, _STL::char_traits<char>, _STL::allocator<char> >&, double&)
 0001:0002DCDC  _STL::__string_to_float(const _STL::basic_string<char, _STL::char_traits<char>, _STL::allocator<char> >&, float&)
 0001:0002DD0C  _STL::__string_to_float(const _STL::basic_string<char, _STL::char_traits<char>, _STL::allocator<char> >&, long double&)
 0001:000245D4  _STL::__valid_grouping(const char *, const char *, const char *, const char *)
 0001:00030DB4  _STL::__write_float(char *, int, int, double)
 0001:00031058  _STL::__write_float(char *, int, int, long double)
 0001:00031E8C  _STL::__write_formatted_time(char *, char, char, const _STL::_Time_Info&, const std::tm *)
 0001:0002DD24  _STL::__write_integer(char *, int, long)
 0001:00036AB4  _STL::allocator<_STL::_Hashtable_node<_STL::pair<const char * const, _STL::pair<void *, unsigned int> > > >::~allocator<_STL::_Hashtable_node<_STL::pair<const char * const, _STL::pair<void *, unsigned int> > > >()
 0001:00036AD0  _STL::allocator<_STL::pair<const char * const, _STL::pair<void *, unsigned int> > >::~allocator<_STL::pair<const char * const, _STL::pair<void *, unsigned int> > >()
 0001:000060DC  _STL::allocator<char>::~allocator<char>()
 0001:00012CE4  _STL::allocator<void *>::~allocator<void *>()
 0001:000184C8  _STL::allocator<wchar_t>::~allocator<wchar_t>()
 0001:00005CBC  _STL::basic_filebuf<char, _STL::char_traits<char> >::_M_allocate_buffers()
 0001:00004A9C  _STL::basic_filebuf<char, _STL::char_traits<char> >::_M_allocate_buffers(char *, int)
 0001:00000FB8  _STL::basic_filebuf<char, _STL::char_traits<char> >::_M_deallocate_buffers()
 0001:000017B0  _STL::basic_filebuf<char, _STL::char_traits<char> >::_M_exit_input_mode()
 0001:00017C30  _STL::basic_filebuf<char, _STL::char_traits<char> >::_M_input_error()
 0001:00005CE8  _STL::basic_filebuf<char, _STL::char_traits<char> >::_M_output_error()
 0001:00005674  _STL::basic_filebuf<char, _STL::char_traits<char> >::_M_seek_init(bool)
 0001:00000B54  _STL::basic_filebuf<char, _STL::char_traits<char> >::_M_setup_codecvt(const _STL::locale&)
 0001:00017A20  _STL::basic_filebuf<char, _STL::char_traits<char> >::_M_switch_to_input_mode()
 0001:00005C4C  _STL::basic_filebuf<char, _STL::char_traits<char> >::_M_switch_to_output_mode()
 0001:00017A84  _STL::basic_filebuf<char, _STL::char_traits<char> >::_M_underflow_aux()
 0001:00001718  _STL::basic_filebuf<char, _STL::char_traits<char> >::_M_unshift()
 0001:000009B4  _STL::basic_filebuf<char, _STL::char_traits<char> >::basic_filebuf<char, _STL::char_traits<char> >()
 0001:0000160C  _STL::basic_filebuf<char, _STL::char_traits<char> >::close()
 0001:00005D10  _STL::basic_filebuf<char, _STL::char_traits<char> >::imbue(const _STL::locale&)
 0001:00005A70  _STL::basic_filebuf<char, _STL::char_traits<char> >::overflow(int)
 0001:00005930  _STL::basic_filebuf<char, _STL::char_traits<char> >::pbackfail(int)
 0001:00004B5C  _STL::basic_filebuf<char, _STL::char_traits<char> >::seekoff(long, int, int)
 0001:00005724  _STL::basic_filebuf<char, _STL::char_traits<char> >::seekpos(_STL::fpos<__stl_mbstate_t>, int)
 0001:00004A48  _STL::basic_filebuf<char, _STL::char_traits<char> >::setbuf(char *, int)
 0001:000058B0  _STL::basic_filebuf<char, _STL::char_traits<char> >::showmanyc()
 0001:00005870  _STL::basic_filebuf<char, _STL::char_traits<char> >::sync()
 0001:00005920  _STL::basic_filebuf<char, _STL::char_traits<char> >::underflow()
 0001:00000F44  _STL::basic_filebuf<char, _STL::char_traits<char> >::~basic_filebuf<char, _STL::char_traits<char> >()
 0002:000065A0  _STL::basic_filebuf<wchar_t, _STL::char_traits<wchar_t> >:: (rtti)
 0001:00016D30  _STL::basic_filebuf<wchar_t, _STL::char_traits<wchar_t> >::_M_allocate_buffers()
 0001:00015F30  _STL::basic_filebuf<wchar_t, _STL::char_traits<wchar_t> >::_M_allocate_buffers(wchar_t *, int)
 0001:00015EA4  _STL::basic_filebuf<wchar_t, _STL::char_traits<wchar_t> >::_M_deallocate_buffers()
 0001:00015E78  _STL::basic_filebuf<wchar_t, _STL::char_traits<wchar_t> >::_M_exit_input_mode()
 0001:00016ED4  _STL::basic_filebuf<wchar_t, _STL::char_traits<wchar_t> >::_M_input_error()
 0001:000171E0  _STL::basic_filebuf<wchar_t, _STL::char_traits<wchar_t> >::_M_output_error()
 0001:000169A8  _STL::basic_filebuf<wchar_t, _STL::char_traits<wchar_t> >::_M_seek_init(bool)
 0001:00014DB8  _STL::basic_filebuf<wchar_t, _STL::char_traits<wchar_t> >::_M_setup_codecvt(const _STL::locale&)
 0001:00016CCC  _STL::basic_filebuf<wchar_t, _STL::char_traits<wchar_t> >::_M_switch_to_input_mode()
 0001:00017170  _STL::basic_filebuf<wchar_t, _STL::char_traits<wchar_t> >::_M_switch_to_output_mode()
 0001:00016D5C  _STL::basic_filebuf<wchar_t, _STL::char_traits<wchar_t> >::_M_underflow_aux()
 0001:00015DE4  _STL::basic_filebuf<wchar_t, _STL::char_traits<wchar_t> >::_M_unshift()
 0001:00014C90  _STL::basic_filebuf<wchar_t, _STL::char_traits<wchar_t> >::basic_filebuf<wchar_t, _STL::char_traits<wchar_t> >()
 0001:00015CE4  _STL::basic_filebuf<wchar_t, _STL::char_traits<wchar_t> >::close()
 0001:00017208  _STL::basic_filebuf<wchar_t, _STL::char_traits<wchar_t> >::imbue(const _STL::locale&)
 0001:00016FE0  _STL::basic_filebuf<wchar_t, _STL::char_traits<wchar_t> >::overflow(wchar_t)
 0001:00016F00  _STL::basic_filebuf<wchar_t, _STL::char_traits<wchar_t> >::pbackfail(wchar_t)
 0001:00015FF0  _STL::basic_filebuf<wchar_t, _STL::char_traits<wchar_t> >::seekoff(long, int, int)
 0001:00016A88  _STL::basic_filebuf<wchar_t, _STL::char_traits<wchar_t> >::seekpos(_STL::fpos<__stl_mbstate_t>, int)
 0001:00015EDC  _STL::basic_filebuf<wchar_t, _STL::char_traits<wchar_t> >::setbuf(wchar_t *, int)
 0001:00016BF8  _STL::basic_filebuf<wchar_t, _STL::char_traits<wchar_t> >::showmanyc()
 0001:00016BB8  _STL::basic_filebuf<wchar_t, _STL::char_traits<wchar_t> >::sync()
 0001:00016C68  _STL::basic_filebuf<wchar_t, _STL::char_traits<wchar_t> >::underflow()
 0001:00015C70  _STL::basic_filebuf<wchar_t, _STL::char_traits<wchar_t> >::~basic_filebuf<wchar_t, _STL::char_traits<wchar_t> >()
 0001:00004A28  _STL::basic_ifstream<char, _STL::char_traits<char> >::__vdthk__ (rtti)
 0001:00004738  _STL::basic_ifstream<char, _STL::char_traits<char> >::~basic_ifstream<char, _STL::char_traits<char> >()
 0001:00001348  _STL::basic_ios<char, _STL::char_traits<char> >::_M_handle_exception(int)
 0001:000008C0  _STL::basic_ios<char, _STL::char_traits<char> >::basic_ios<char, _STL::char_traits<char> >()
 0001:00000CC0  _STL::basic_ios<char, _STL::char_traits<char> >::imbue(const _STL::locale&)
 0001:00000BDC  _STL::basic_ios<char, _STL::char_traits<char> >::init(_STL::basic_streambuf<char, _STL::char_traits<char> > *)
 0001:00000C88  _STL::basic_ios<char, _STL::char_traits<char> >::rdbuf(_STL::basic_streambuf<char, _STL::char_traits<char> > *)
 0001:00004940  _STL::basic_ios<char, _STL::char_traits<char> >::~basic_ios<char, _STL::char_traits<char> >()
 0002:00005B08  _STL::basic_ios<wchar_t, _STL::char_traits<wchar_t> >:: (rtti)
 0001:00013778  _STL::basic_ios<wchar_t, _STL::char_traits<wchar_t> >::basic_ios<wchar_t, _STL::char_traits<wchar_t> >()
 0001:0001358C  _STL::basic_ios<wchar_t, _STL::char_traits<wchar_t> >::imbue(const _STL::locale&)
 0001:000137D0  _STL::basic_ios<wchar_t, _STL::char_traits<wchar_t> >::init(_STL::basic_streambuf<wchar_t, _STL::char_traits<wchar_t> > *)
 0001:00013554  _STL::basic_ios<wchar_t, _STL::char_traits<wchar_t> >::rdbuf(_STL::basic_streambuf<wchar_t, _STL::char_traits<wchar_t> > *)
 0001:0001392C  _STL::basic_ios<wchar_t, _STL::char_traits<wchar_t> >::~basic_ios<wchar_t, _STL::char_traits<wchar_t> >()
 0002:00006584  _STL::basic_istream<char, _STL::char_traits<char> >:: (rtti)
 0001:00003698  _STL::basic_istream<char, _STL::char_traits<char> >::_M_formatted_get(char *)
 0001:00003878  _STL::basic_istream<char, _STL::char_traits<char> >::_M_skip_whitespace(bool)
 0001:00004A1C  _STL::basic_istream<char, _STL::char_traits<char> >::__vdthk__ (rtti)
 0001:00015B6C  _STL::basic_istream<char, _STL::char_traits<char> >::__vdthk__ (rtti)
 0001:00001238  _STL::basic_istream<char, _STL::char_traits<char> >::get(char&)
 0001:0000106C  _STL::basic_istream<char, _STL::char_traits<char> >::seekg(long, int)
 0001:000044BC  _STL::basic_istream<char, _STL::char_traits<char> >::sentry::~sentry()
 0001:000049A0  _STL::basic_istream<char, _STL::char_traits<char> >::~basic_istream<char, _STL::char_traits<char> >()
 0002:00006568  _STL::basic_istream<wchar_t, _STL::char_traits<wchar_t> >:: (rtti)
 0001:00015B60  _STL::basic_istream<wchar_t, _STL::char_traits<wchar_t> >::__vdthk__ (rtti)
 0001:00015BF4  _STL::basic_istream<wchar_t, _STL::char_traits<wchar_t> >::~basic_istream<wchar_t, _STL::char_traits<wchar_t> >()
 0001:00004A38  _STL::basic_ofstream<char, _STL::char_traits<char> >::__vdthk__ (rtti)
 0001:00004848  _STL::basic_ofstream<char, _STL::char_traits<char> >::~basic_ofstream<char, _STL::char_traits<char> >()
 0001:000033F8  _STL::basic_ostream<char, _STL::char_traits<char> >& _STL::endl<char, _STL::char_traits<char> >(_STL::basic_ostream<char, _STL::char_traits<char> >&)
 0001:0000345C  _STL::basic_ostream<char, _STL::char_traits<char> >::_M_put_nowiden(const char *)
 0001:00004934  _STL::basic_ostream<char, _STL::char_traits<char> >::__vdthk__ (rtti)
 0001:0000092C  _STL::basic_ostream<char, _STL::char_traits<char> >::basic_ostream<char, _STL::char_traits<char> >(_STL::basic_streambuf<char, _STL::char_traits<char> > *)
 0001:0000136C  _STL::basic_ostream<char, _STL::char_traits<char> >::put(char)
 0001:00004440  _STL::basic_ostream<char, _STL::char_traits<char> >::sentry::~sentry()
 0001:00000FF0  _STL::basic_ostream<char, _STL::char_traits<char> >::~basic_ostream<char, _STL::char_traits<char> >()
 0002:0000654C  _STL::basic_ostream<wchar_t, _STL::char_traits<wchar_t> >:: (rtti)
 0001:00015B54  _STL::basic_ostream<wchar_t, _STL::char_traits<wchar_t> >::__vdthk__ (rtti)
 0001:00015374  _STL::basic_ostream<wchar_t, _STL::char_traits<wchar_t> >::basic_ostream<wchar_t, _STL::char_traits<wchar_t> >(_STL::basic_streambuf<wchar_t, _STL::char_traits<wchar_t> > *)
 0001:00015B78  _STL::basic_ostream<wchar_t, _STL::char_traits<wchar_t> >::~basic_ostream<wchar_t, _STL::char_traits<wchar_t> >()
 0002:00005D0C  _STL::basic_streambuf<char, _STL::char_traits<char> >:: (rtti)
 0001:00013E00  _STL::basic_streambuf<char, _STL::char_traits<char> >::_M_snextc_aux()
 0001:00013D5C  _STL::basic_streambuf<char, _STL::char_traits<char> >::_M_xsputnc(char, int)
 0001:0001398C  _STL::basic_streambuf<char, _STL::char_traits<char> >::basic_streambuf<char, _STL::char_traits<char> >()
 0001:00013AA0  _STL::basic_streambuf<char, _STL::char_traits<char> >::basic_streambuf<char, _STL::char_traits<char> >(std::FILE *, std::FILE *)
 0001:00013B5C  _STL::basic_streambuf<char, _STL::char_traits<char> >::imbue(const _STL::locale&)
 0001:00013DF8  _STL::basic_streambuf<char, _STL::char_traits<char> >::overflow(int)
 0001:00013CB4  _STL::basic_streambuf<char, _STL::char_traits<char> >::pbackfail(int)
 0001:00013E6C  _STL::basic_streambuf<char, _STL::char_traits<char> >::pubimbue(const _STL::locale&)
 0001:00013B6C  _STL::basic_streambuf<char, _STL::char_traits<char> >::seekoff(long, int, int)
 0001:00013B88  _STL::basic_streambuf<char, _STL::char_traits<char> >::seekpos(_STL::fpos<__stl_mbstate_t>, int)
 0001:00013B64  _STL::basic_streambuf<char, _STL::char_traits<char> >::setbuf(char *, int)
 0001:00013BAC  _STL::basic_streambuf<char, _STL::char_traits<char> >::showmanyc()
 0001:00013BA4  _STL::basic_streambuf<char, _STL::char_traits<char> >::sync()
 0001:00013C7C  _STL::basic_streambuf<char, _STL::char_traits<char> >::uflow()
 0001:00013C74  _STL::basic_streambuf<char, _STL::char_traits<char> >::underflow()
 0001:00013BB4  _STL::basic_streambuf<char, _STL::char_traits<char> >::xsgetn(char *, int)
 0001:00013CBC  _STL::basic_streambuf<char, _STL::char_traits<char> >::xsputn(const char *, int)
 0001:00013A3C  _STL::basic_streambuf<char, _STL::char_traits<char> >::~basic_streambuf<char, _STL::char_traits<char> >()
 0002:00005CC8  _STL::basic_streambuf<wchar_t, _STL::char_traits<wchar_t> >:: (rtti)
 0001:00014224  _STL::basic_streambuf<wchar_t, _STL::char_traits<wchar_t> >::_M_xsputnc(wchar_t, int)
 0001:00013F8C  _STL::basic_streambuf<wchar_t, _STL::char_traits<wchar_t> >::basic_streambuf<wchar_t, _STL::char_traits<wchar_t> >()
 0001:000142EC  _STL::basic_streambuf<wchar_t, _STL::char_traits<wchar_t> >::imbue(const _STL::locale&)
 0001:000142E0  _STL::basic_streambuf<wchar_t, _STL::char_traits<wchar_t> >::overflow(wchar_t)
 0001:00014164  _STL::basic_streambuf<wchar_t, _STL::char_traits<wchar_t> >::pbackfail(wchar_t)
 0001:000136DC  _STL::basic_streambuf<wchar_t, _STL::char_traits<wchar_t> >::pubimbue(const _STL::locale&)
 0001:00014014  _STL::basic_streambuf<wchar_t, _STL::char_traits<wchar_t> >::seekoff(long, int, int)
 0001:00014030  _STL::basic_streambuf<wchar_t, _STL::char_traits<wchar_t> >::seekpos(_STL::fpos<__stl_mbstate_t>, int)
 0001:0001400C  _STL::basic_streambuf<wchar_t, _STL::char_traits<wchar_t> >::setbuf(wchar_t *, int)
 0001:00014054  _STL::basic_streambuf<wchar_t, _STL::char_traits<wchar_t> >::showmanyc()
 0001:0001404C  _STL::basic_streambuf<wchar_t, _STL::char_traits<wchar_t> >::sync()
 0001:00014124  _STL::basic_streambuf<wchar_t, _STL::char_traits<wchar_t> >::uflow()
 0001:00014118  _STL::basic_streambuf<wchar_t, _STL::char_traits<wchar_t> >::underflow()
 0001:0001405C  _STL::basic_streambuf<wchar_t, _STL::char_traits<wchar_t> >::xsgetn(wchar_t *, int)
 0001:00014170  _STL::basic_streambuf<wchar_t, _STL::char_traits<wchar_t> >::xsputn(const wchar_t *, int)
 0001:00013F08  _STL::basic_streambuf<wchar_t, _STL::char_traits<wchar_t> >::~basic_streambuf<wchar_t, _STL::char_traits<wchar_t> >()
 0001:00000E10  _STL::basic_string<char, _STL::char_traits<char>, _STL::allocator<char> >& _STL::basic_string<char, _STL::char_traits<char>, _STL::allocator<char> >::_M_assign_dispatch<char *>(char *, char *, const _STL::__false_type&)
 0001:00004124  _STL::basic_string<char, _STL::char_traits<char>, _STL::allocator<char> >& _STL::basic_string<char, _STL::char_traits<char>, _STL::allocator<char> >::append<char *>(char *, char *, const _STL::forward_iterator_tag&)
 0001:00012930  _STL::basic_string<char, _STL::char_traits<char>, _STL::allocator<char> >::_M_insert_aux(char *, char)
 0001:00012614  _STL::basic_string<char, _STL::char_traits<char>, _STL::allocator<char> >::basic_string<char, _STL::char_traits<char>, _STL::allocator<char> >()
 0001:000126A0  _STL::basic_string<char, _STL::char_traits<char>, _STL::allocator<char> >::basic_string<char, _STL::char_traits<char>, _STL::allocator<char> >(const _STL::basic_string<char, _STL::char_traits<char>, _STL::allocator<char> >&)
 0001:000115F4  _STL::basic_string<char, _STL::char_traits<char>, _STL::allocator<char> >::basic_string<char, _STL::char_traits<char>, _STL::allocator<char> >(const char *, const _STL::allocator<char>&)
 0001:0001276C  _STL::basic_string<char, _STL::char_traits<char>, _STL::allocator<char> >::reserve(unsigned int)
 0001:000044D8  _STL::basic_string<char, _STL::char_traits<char>, _STL::allocator<char> >::~basic_string<char, _STL::char_traits<char>, _STL::allocator<char> >()
 0001:00017EF0  _STL::basic_string<wchar_t, _STL::char_traits<wchar_t>, _STL::allocator<wchar_t> >& _STL::basic_string<wchar_t, _STL::char_traits<wchar_t>, _STL::allocator<wchar_t> >::_M_assign_dispatch<wchar_t *>(wchar_t *, wchar_t *, const _STL::__false_type&)
 0001:00017F94  _STL::basic_string<wchar_t, _STL::char_traits<wchar_t>, _STL::allocator<wchar_t> >& _STL::basic_string<wchar_t, _STL::char_traits<wchar_t>, _STL::allocator<wchar_t> >::append<wchar_t *>(wchar_t *, wchar_t *, const _STL::forward_iterator_tag&)
 0001:000224F4  _STL::basic_string<wchar_t, _STL::char_traits<wchar_t>, _STL::allocator<wchar_t> >::_M_insert_aux(wchar_t *, wchar_t)
 0001:00017C60  _STL::basic_string<wchar_t, _STL::char_traits<wchar_t>, _STL::allocator<wchar_t> >::basic_string<wchar_t, _STL::char_traits<wchar_t>, _STL::allocator<wchar_t> >()
 0001:00017D60  _STL::basic_string<wchar_t, _STL::char_traits<wchar_t>, _STL::allocator<wchar_t> >::basic_string<wchar_t, _STL::char_traits<wchar_t>, _STL::allocator<wchar_t> >(const _STL::basic_string<wchar_t, _STL::char_traits<wchar_t>, _STL::allocator<wchar_t> >&)
 0001:00019EB8  _STL::basic_string<wchar_t, _STL::char_traits<wchar_t>, _STL::allocator<wchar_t> >::basic_string<wchar_t, _STL::char_traits<wchar_t>, _STL::allocator<wchar_t> >(const wchar_t *, const _STL::allocator<wchar_t>&)
 0001:000182A0  _STL::basic_string<wchar_t, _STL::char_traits<wchar_t>, _STL::allocator<wchar_t> >::reserve(unsigned int)
 0001:00018560  _STL::basic_string<wchar_t, _STL::char_traits<wchar_t>, _STL::allocator<wchar_t> >::~basic_string<wchar_t, _STL::char_traits<wchar_t>, _STL::allocator<wchar_t> >()
 0003:000420C8  _STL::cerr
 0003:00041FC0  _STL::cin
 0003:00042148  _STL::clog
 0002:000068F0  _STL::codecvt<char, char, __stl_mbstate_t>:: (rtti)
 0001:00018848  _STL::codecvt<char, char, __stl_mbstate_t>::do_always_noconv() const
 0001:00018850  _STL::codecvt<char, char, __stl_mbstate_t>::do_encoding() const
 0001:00018870  _STL::codecvt<char, char, __stl_mbstate_t>::do_in(__stl_mbstate_t&, const char *, const char *, const char *&, char *, char *, char *&) const
 0001:00018818  _STL::codecvt<char, char, __stl_mbstate_t>::do_length(const __stl_mbstate_t&, const char *, const char *, unsigned int) const
 0001:0001883C  _STL::codecvt<char, char, __stl_mbstate_t>::do_max_length() const
 0001:0001888C  _STL::codecvt<char, char, __stl_mbstate_t>::do_out(__stl_mbstate_t&, const char *, const char *, const char *&, char *, char *, char *&) const
 0001:0001885C  _STL::codecvt<char, char, __stl_mbstate_t>::do_unshift(__stl_mbstate_t&, char *, char *, char *&) const
 0002:0000A78C  _STL::codecvt<char, char, __stl_mbstate_t>::id
 0001:00018780  _STL::codecvt<char, char, __stl_mbstate_t>::~codecvt<char, char, __stl_mbstate_t>()
 0002:000068C4  _STL::codecvt<wchar_t, char, __stl_mbstate_t>:: (rtti)
 0001:00018B20  _STL::codecvt<wchar_t, char, __stl_mbstate_t>::do_always_noconv() const
 0001:00018B14  _STL::codecvt<wchar_t, char, __stl_mbstate_t>::do_encoding() const
 0001:00018A24  _STL::codecvt<wchar_t, char, __stl_mbstate_t>::do_in(__stl_mbstate_t&, const char *, const char *, const char *&, wchar_t *, wchar_t *, wchar_t *&) const
 0001:00018B28  _STL::codecvt<wchar_t, char, __stl_mbstate_t>::do_length(const __stl_mbstate_t&, const char *, const char *, unsigned int) const
 0001:00018B4C  _STL::codecvt<wchar_t, char, __stl_mbstate_t>::do_max_length() const
 0001:00018944  _STL::codecvt<wchar_t, char, __stl_mbstate_t>::do_out(__stl_mbstate_t&, const wchar_t *, const wchar_t *, const wchar_t *&, char *, char *, char *&) const
 0001:00018B00  _STL::codecvt<wchar_t, char, __stl_mbstate_t>::do_unshift(__stl_mbstate_t&, char *, char *, char *&) const
 0002:0000A790  _STL::codecvt<wchar_t, char, __stl_mbstate_t>::id
 0001:000188A8  _STL::codecvt<wchar_t, char, __stl_mbstate_t>::~codecvt<wchar_t, char, __stl_mbstate_t>()
 0002:00006A30  _STL::collate<char>:: (rtti)
 0001:00018D9C  _STL::collate<char>::do_compare(const char *, const char *, const char *, const char *) const
 0001:00018ECC  _STL::collate<char>::do_hash(const char *, const char *) const
 0001:00018E08  _STL::collate<char>::do_transform(const char *, const char *) const
 0001:00018D18  _STL::collate<char>::~collate<char>()
 0002:00006A14  _STL::collate<wchar_t>:: (rtti)
 0001:00018F78  _STL::collate<wchar_t>::do_compare(const wchar_t *, const wchar_t *, const wchar_t *, const wchar_t *) const
 0001:000190B8  _STL::collate<wchar_t>::do_hash(const wchar_t *, const wchar_t *) const
 0001:00018FEC  _STL::collate<wchar_t>::do_transform(const wchar_t *, const wchar_t *) const
 0001:00018EF0  _STL::collate<wchar_t>::~collate<wchar_t>()
 0003:00042048  _STL::cout
 0002:000070FC  _STL::ctype<char>:: (rtti)
 0002:00006A4C  _STL::ctype<char>::_S_classic_table
 0002:00006F50  _STL::ctype<char>::_S_lower
 0002:00006E50  _STL::ctype<char>::_S_upper
 0001:00019198  _STL::ctype<char>::ctype<char>(const _STL::ctype_base::mask *, bool, unsigned int)
 0001:000195D4  _STL::ctype<char>::do_narrow(char, char) const
 0001:000195DC  _STL::ctype<char>::do_narrow(const char *, const char *, char, char *) const
 0001:0001957C  _STL::ctype<char>::do_tolower(char *, const char *) const
 0001:00019548  _STL::ctype<char>::do_tolower(char) const
 0001:00019558  _STL::ctype<char>::do_toupper(char *, const char *) const
 0001:00019538  _STL::ctype<char>::do_toupper(char) const
 0001:000195A0  _STL::ctype<char>::do_widen(char) const
 0001:000195A8  _STL::ctype<char>::do_widen(const char *, const char *, char *) const
 0002:0000A788  _STL::ctype<char>::id
 0001:000192B8  _STL::ctype<char>::scan_is(_STL::ctype_base::mask, const char *, const char *) const
 0001:000193F8  _STL::ctype<char>::scan_not(_STL::ctype_base::mask, const char *, const char *) const
 0001:00019244  _STL::ctype<char>::~ctype<char>()
 0002:000070BC  _STL::ctype<wchar_t>:: (rtti)
 0001:0001968C  _STL::ctype<wchar_t>::do_is(_STL::ctype_base::mask, wchar_t) const
 0001:000196BC  _STL::ctype<wchar_t>::do_is(const wchar_t *, const wchar_t *, _STL::ctype_base::mask *) const
 0001:00019C58  _STL::ctype<wchar_t>::do_narrow(const wchar_t *, const wchar_t *, char, char *) const
 0001:00019C40  _STL::ctype<wchar_t>::do_narrow(wchar_t, char) const
 0001:00019704  _STL::ctype<wchar_t>::do_scan_is(_STL::ctype_base::mask, const wchar_t *, const wchar_t *) const
 0001:000198E8  _STL::ctype<wchar_t>::do_scan_not(_STL::ctype_base::mask, const wchar_t *, const wchar_t *) const
 0001:00019BD4  _STL::ctype<wchar_t>::do_tolower(wchar_t *, const wchar_t *) const
 0001:00019BB0  _STL::ctype<wchar_t>::do_tolower(wchar_t) const
 0001:00019B74  _STL::ctype<wchar_t>::do_toupper(wchar_t *, const wchar_t *) const
 0001:00019B50  _STL::ctype<wchar_t>::do_toupper(wchar_t) const
 0001:00019C10  _STL::ctype<wchar_t>::do_widen(char) const
 0001:00019C1C  _STL::ctype<wchar_t>::do_widen(const char *, const char *, wchar_t *) const
 0002:0000A7A0  _STL::ctype<wchar_t>::id
 0001:00019608  _STL::ctype<wchar_t>::~ctype<wchar_t>()
 0001:00037A24  _STL::hash_map<const char *, _STL::pair<void *, unsigned int>, _STL::hash<const char *>, _STL::__eqstr, _STL::allocator<_STL::pair<const char * const, _STL::pair<void *, unsigned int> > > >::~hash_map<const char *, _STL::pair<void *, unsigned int>, _STL::hash<const char *>, _STL::__eqstr, _STL::allocator<_STL::pair<const char * const, _STL::pair<void *, unsigned int> > > >()
 0001:00035BD0  _STL::hashtable<_STL::pair<const char * const, _STL::pair<void *, unsigned int> >, const char *, _STL::hash<const char *>, _STL::_Select1st<_STL::pair<const char * const, _STL::pair<void *, unsigned int> > >, _STL::__eqstr, _STL::allocator<_STL::pair<const char * const, _STL::pair<void *, unsigned int> > > >::_M_find<const char *>(const char * const&)...
 0001:00035AD8  _STL::hashtable<_STL::pair<const char * const, _STL::pair<void *, unsigned int> >, const char *, _STL::hash<const char *>, _STL::_Select1st<_STL::pair<const char * const, _STL::pair<void *, unsigned int> > >, _STL::__eqstr, _STL::allocator<_STL::pair<const char * const, _STL::pair<void *, unsigned int> > > >::_M_new_node(const _STL::pair<const char * const, _STL::pair<void *, unsigned int>, 
 0001:000358F8  _STL::hashtable<_STL::pair<const char * const, _STL::pair<void *, unsigned int> >, const char *, _STL::hash<const char *>, _STL::_Select1st<_STL::pair<const char * const, _STL::pair<void *, unsigned int> > >, _STL::__eqstr, _STL::allocator<_STL::pair<const char * const, _STL::pair<void *, unsigned int> > > >::_M_next_size(unsigned int) const
 0001:00037AD8  _STL::hashtable<_STL::pair<const char * const, _STL::pair<void *, unsigned int> >, const char *, _STL::hash<const char *>, _STL::_Select1st<_STL::pair<const char * const, _STL::pair<void *, unsigned int> > >, _STL::__eqstr, _STL::allocator<_STL::pair<const char * const, _STL::pair<void *, unsigned int> > > >::clear()
 0001:00035C4C  _STL::hashtable<_STL::pair<const char * const, _STL::pair<void *, unsigned int> >, const char *, _STL::hash<const char *>, _STL::_Select1st<_STL::pair<const char * const, _STL::pair<void *, unsigned int> > >, _STL::__eqstr, _STL::allocator<_STL::pair<const char * const, _STL::pair<void *, unsigned int> > > >::erase(...
 0001:000359B0  _STL::hashtable<_STL::pair<const char * const, _STL::pair<void *, unsigned int> >, const char *, _STL::hash<const char *>, _STL::_Select1st<_STL::pair<const char * const, _STL::pair<void *, unsigned int> > >, _STL::__eqstr, _STL::allocator<_STL::pair<const char * const, _STL::pair<void *, unsigned int> > > >::insert_unique_noresize(...
 0001:00037F28  _STL::hashtable<_STL::pair<const char * const, _STL::pair<void *, unsigned int> >, const char *, _STL::hash<const char *>, _STL::_Select1st<_STL::pair<const char * const, _STL::pair<void *, unsigned int> > >, _STL::__eqstr, _STL::allocator<_STL::pair<const char * const, _STL::pair<void *, unsigned int> > > >::~hashtable<_STL::pair<const char * const, _STL::pair<void *, unsigned int> >, const char *, _STL::hash<const char *>, _STL::_Select1st<_STL::pair<const char * const, _STL::pair<void *, unsigned int> > >, _STL::__eqstr, _STL::allocator<_STL::pair<const char * const, _STL::pair<void *, unsigned int> > > >()
 0001:00014A10  _STL::ios_base::Init::Init()
 0002:00005EF4  _STL::ios_base::Init::_S_count
 0001:00014A70  _STL::ios_base::Init::~Init()
 0001:00038E5C  _STL::ios_base::_Loc_init::_Loc_init()
 0002:0000A7B0  _STL::ios_base::_Loc_init::_S_count
 0001:00038EC0  _STL::ios_base::_Loc_init::~_Loc_init()
 0001:000131A0  _STL::ios_base::_M_invoke_callbacks(_STL::ios_base::event)
 0001:000131D4  _STL::ios_base::_M_throw_failure()
 0001:00014E34  _STL::ios_base::_S_initialize()
 0001:000153E4  _STL::ios_base::_S_uninitialize()
 0002:00005EF8  _STL::ios_base::_S_was_synced
 0001:00012FE0  _STL::ios_base::failure::failure(const _STL::basic_string<char, _STL::char_traits<char>, _STL::allocator<char> >&)
 0001:00013324  _STL::ios_base::failure::failure(const _STL::ios_base::failure&)
 0001:00013050  _STL::ios_base::failure::~failure()
 0001:000130B0  _STL::ios_base::imbue(const _STL::locale&)
 0001:0001337C  _STL::ios_base::ios_base()
 0001:00013460  _STL::ios_base::~ios_base()
 0001:0002BE0C  _STL::istreambuf_iterator<char, _STL::char_traits<char> > _STL::_M_do_get_integer<_STL::istreambuf_iterator<char, _STL::char_traits<char> >, int, char>(_STL::istreambuf_iterator<char, _STL::char_traits<char> >&, _STL::istreambuf_iterator<char, _STL::char_traits<char> >&, _STL::ios_base&, int&, int&, char *)
 0001:0002C4B8  _STL::istreambuf_iterator<char, _STL::char_traits<char> > _STL::_M_do_get_integer<_STL::istreambuf_iterator<char, _STL::char_traits<char> >, long long, char>(_STL::istreambuf_iterator<char, _STL::char_traits<char> >&, _STL::istreambuf_iterator<char, _STL::char_traits<char> >&, _STL::ios_base&, int&, long long&, char *)
 0001:00029054  _STL::istreambuf_iterator<char, _STL::char_traits<char> > _STL::_M_do_get_integer<_STL::istreambuf_iterator<char, _STL::char_traits<char> >, long, char>(_STL::istreambuf_iterator<char, _STL::char_traits<char> >&, _STL::istreambuf_iterator<char, _STL::char_traits<char> >&, _STL::ios_base&, int&, long&, char *)
 0001:0002A42C  _STL::istreambuf_iterator<char, _STL::char_traits<char> > _STL::_M_do_get_integer<_STL::istreambuf_iterator<char, _STL::char_traits<char> >, unsigned int, char>(_STL::istreambuf_iterator<char, _STL::char_traits<char> >&, _STL::istreambuf_iterator<char, _STL::char_traits<char> >&, _STL::ios_base&, int&, unsigned int&, char *)
 0001:0002CA5C  _STL::istreambuf_iterator<char, _STL::char_traits<char> > _STL::_M_do_get_integer<_STL::istreambuf_iterator<char, _STL::char_traits<char> >, unsigned long long, char>(_STL::istreambuf_iterator<char, _STL::char_traits<char> >&, _STL::istreambuf_iterator<char, _STL::char_traits<char> >&, _STL::ios_base&, int&, unsigned long long&, char *)
 0001:0002A940  _STL::istreambuf_iterator<char, _STL::char_traits<char> > _STL::_M_do_get_integer<_STL::istreambuf_iterator<char, _STL::char_traits<char> >, unsigned long, char>(_STL::istreambuf_iterator<char, _STL::char_traits<char> >&, _STL::istreambuf_iterator<char, _STL::char_traits<char> >&, _STL::ios_base&, int&, unsigned long&, char *)
 0001:00029F04  _STL::istreambuf_iterator<char, _STL::char_traits<char> > _STL::_M_do_get_integer<_STL::istreambuf_iterator<char, _STL::char_traits<char> >, unsigned short, char>(_STL::istreambuf_iterator<char, _STL::char_traits<char> >&, _STL::istreambuf_iterator<char, _STL::char_traits<char> >&, _STL::ios_base&, int&, unsigned short&, char *)
 0001:0002B5F4  _STL::istreambuf_iterator<char, _STL::char_traits<char> > _STL::__copy_sign<_STL::istreambuf_iterator<char, _STL::char_traits<char> >, char>(_STL::istreambuf_iterator<char, _STL::char_traits<char> >, _STL::istreambuf_iterator<char, _STL::char_traits<char> >, _STL::basic_string<char, _STL::char_traits<char>, _STL::allocator<char> >&, char, char)
 0001:0001D784  _STL::istreambuf_iterator<char, _STL::char_traits<char> >::operator ++(int)
 0001:00027908  _STL::istreambuf_iterator<wchar_t, _STL::char_traits<wchar_t> > _STL::_M_do_get_integer<_STL::istreambuf_iterator<wchar_t, _STL::char_traits<wchar_t> >, int, wchar_t>(_STL::istreambuf_iterator<wchar_t, _STL::char_traits<wchar_t> >&, _STL::istreambuf_iterator<wchar_t, _STL::char_traits<wchar_t> >&, _STL::ios_base&, int&, int&, wchar_t *)
 0001:00027FB8  _STL::istreambuf_iterator<wchar_t, _STL::char_traits<wchar_t> > _STL::_M_do_get_integer<_STL::istreambuf_iterator<wchar_t, _STL::char_traits<wchar_t> >, long long, wchar_t>(_STL::istreambuf_iterator<wchar_t, _STL::char_traits<wchar_t> >&, _STL::istreambuf_iterator<wchar_t, _STL::char_traits<wchar_t> >&, _STL::ios_base&, int&, long long&, wchar_t *)
[...]
 0002:00008EE0  __odtbl__ _STL::__put_float<_STL::ostreambuf_iterator<char, _STL::char_traits<char> > >(char *, char *, _STL::ostreambuf_iterator<char, _STL::char_traits<char> >, _STL::ios_base&, char, char, char, const _STL::basic_string<char, _STL::char_traits<char>, _STL::allocator<char> >&)...
 0002:00008F00  __ectbl__ _STL::__put_float<_STL::ostreambuf_iterator<char, _STL::char_traits<char> > >(char *, char *, _STL::ostreambuf_iterator<char, _STL::char_traits<char> >, _STL::ios_base&, char, char, char, const _STL::basic_string<char, _STL::char_traits<char>, _STL::allocator<char> >&)...
 0002:00008F38  __odtbl__ _STL::num_put<wchar_t, _STL::ostreambuf_iterator<wchar_t, _STL::char_traits<wchar_t> > >::do_put(_STL::ostreambuf_iterator<wchar_t, _STL::char_traits<wchar_t> >, _STL::ios_base&, wchar_t, bool) const
 0002:00008F8C  __ectbl__ _STL::num_put<wchar_t, _STL::ostreambuf_iterator<wchar_t, _STL::char_traits<wchar_t> > >::do_put(_STL::ostreambuf_iterator<wchar_t, _STL::char_traits<wchar_t> >, _STL::ios_base&, wchar_t, bool) const
 0002:00009000  __odtbl__ _STL::ostreambuf_iterator<wchar_t, _STL::char_traits<wchar_t> > _STL::__put_integer<_STL::ostreambuf_iterator<wchar_t, _STL::char_traits<wchar_t> > >(char *, char *, _STL::ostreambuf_iterator<wchar_t, _STL::char_traits<wchar_t> >, _STL::ios_base&, int, wchar_t)
 0002:00009020  __ectbl__ _STL::ostreambuf_iterator<wchar_t, _STL::char_traits<wchar_t> > _STL::__put_integer<_STL::ostreambuf_iterator<wchar_t, _STL::char_traits<wchar_t> > >(char *, char *, _STL::ostreambuf_iterator<wchar_t, _STL::char_traits<wchar_t> >, _STL::ios_base&, int, wchar_t)
 0002:00009040  __odtbl__ _STL::__put_float<_STL::ostreambuf_iterator<wchar_t, _STL::char_traits<wchar_t> > >(char *, char *, _STL::ostreambuf_iterator<wchar_t, _STL::char_traits<wchar_t> >, _STL::ios_base&, wchar_t, wchar_t, wchar_t, const _STL::basic_string<char, _STL::char_traits<char>, _STL::allocator<char> >&)...
 0002:00009060  __ectbl__ _STL::__put_float<_STL::ostreambuf_iterator<wchar_t, _STL::char_traits<wchar_t> > >(char *, char *, _STL::ostreambuf_iterator<wchar_t, _STL::char_traits<wchar_t> >, _STL::ios_base&, wchar_t, wchar_t, wchar_t, const _STL::basic_string<char, _STL::char_traits<char>, _STL::allocator<char> >&)...
 0002:00009098  d1912_1
 0002:000090B8  d1914_1
 0002:00009238  __odtbl__ _STL::numpunct<char>::do_grouping() const
 0002:00009248  __ectbl__ _STL::numpunct<char>::do_grouping() const
 0002:0000925C  __odtbl__ _STL::numpunct<char>::do_truename() const
 0002:0000926C  __ectbl__ _STL::numpunct<char>::do_truename() const
 0002:00009280  __odtbl__ _STL::numpunct<char>::do_falsename() const
 0002:00009290  __ectbl__ _STL::numpunct<char>::do_falsename() const
 0002:000092A4  __odtbl__ _STL::numpunct<char>::~numpunct<char>()
 0002:000092B4  __ectbl__ _STL::numpunct<char>::~numpunct<char>()
 0002:000092C8  __odtbl__ _STL::numpunct<wchar_t>::~numpunct<wchar_t>()
 0002:000092D8  __ectbl__ _STL::numpunct<wchar_t>::~numpunct<wchar_t>()
 0002:000092EC  __odtbl__ _STL::numpunct<wchar_t>::do_grouping() const
 0002:000092FC  __ectbl__ _STL::numpunct<wchar_t>::do_grouping() const
 0002:00009310  __odtbl__ _STL::numpunct<wchar_t>::do_truename() const
 0002:00009320  __ectbl__ _STL::numpunct<wchar_t>::do_truename() const
 0002:00009334  __odtbl__ _STL::numpunct<wchar_t>::do_falsename() const
 0002:00009344  __ectbl__ _STL::numpunct<wchar_t>::do_falsename() const
 0002:00009358  _STL::numpunct<wchar_t>:: (rtti)
 0002:0000937C  _STL::numpunct<char>:: (rtti)
 0002:000093A0  d1916_1
 0002:00009720  _STL::time_get<char, _STL::istreambuf_iterator<char, _STL::char_traits<char> > >::id
 0002:00009724  _STL::time_get<char, const char *>::id
 0002:00009728  _STL::time_put<char, _STL::ostreambuf_iterator<char, _STL::char_traits<char> > >::id
 0002:0000972C  _STL::time_put<char, char *>::id
 0002:00009730  _STL::time_get<wchar_t, _STL::istreambuf_iterator<wchar_t, _STL::char_traits<wchar_t> > >::id
 0002:00009734  _STL::time_get<wchar_t, const wchar_t *>::id
 0002:00009738  _STL::time_put<wchar_t, _STL::ostreambuf_iterator<wchar_t, _STL::char_traits<wchar_t> > >::id
 0002:0000973C  _STL::time_put<wchar_t, wchar_t *>::id
 0002:00009740  __odtbl__ bool _STL::__get_decimal_integer<_STL::istreambuf_iterator<char, _STL::char_traits<char> >, int>(_STL::istreambuf_iterator<char, _STL::char_traits<char> >&, _STL::istreambuf_iterator<char, _STL::char_traits<char> >&, int&)
 0002:00009760  __ectbl__ bool _STL::__get_decimal_integer<_STL::istreambuf_iterator<char, _STL::char_traits<char> >, int>(_STL::istreambuf_iterator<char, _STL::char_traits<char> >&, _STL::istreambuf_iterator<char, _STL::char_traits<char> >&, int&)
 0002:00009798  __odtbl__ bool _STL::__get_decimal_integer<_STL::istreambuf_iterator<wchar_t, _STL::char_traits<wchar_t> >, int>(_STL::istreambuf_iterator<wchar_t, _STL::char_traits<wchar_t> >&, _STL::istreambuf_iterator<wchar_t, _STL::char_traits<wchar_t> >&, int&)
 0002:000097B8  __ectbl__ bool _STL::__get_decimal_integer<_STL::istreambuf_iterator<wchar_t, _STL::char_traits<wchar_t> >, int>(_STL::istreambuf_iterator<wchar_t, _STL::char_traits<wchar_t> >&, _STL::istreambuf_iterator<wchar_t, _STL::char_traits<wchar_t> >&, int&)
 0002:000097F0  d1917_1
 0002:0000987C  @_STL@_Locale_impl@3
 0002:00009894  _STL::__category_hash_lock
 0002:00009894  d1919_1
 0002:00009A0C  __chtbl__ _STL::hashtable<_STL::pair<const char * const, _STL::pair<void *, unsigned int> >, const char *, _STL::hash<const char *>, _STL::_Select1st<_STL::pair<const char * const, _STL::pair<void *, unsigned int> > >, _STL::__eqstr, _STL::allocator<_STL::pair<const char * const, _STL::pair<void *, unsigned int> > > >::_M_new_node(...
 0002:00009A2C  __odtbl__ _STL::hashtable<_STL::pair<const char * const, _STL::pair<void *, unsigned int> >, const char *, _STL::hash<const char *>, _STL::_Select1st<_STL::pair<const char * const, _STL::pair<void *, unsigned int> > >, _STL::__eqstr, _STL::allocator<_STL::pair<const char * const, _STL::pair<void *, unsigned int> > > >::_M_new_node(...
 0002:00009A3C  __ectbl__ _STL::hashtable<_STL::pair<const char * const, _STL::pair<void *, unsigned int> >, const char *, _STL::hash<const char *>, _STL::_Select1st<_STL::pair<const char * const, _STL::pair<void *, unsigned int> > >, _STL::__eqstr, _STL::allocator<_STL::pair<const char * const, _STL::pair<void *, unsigned int> > > >::_M_new_node(...
 0002:00009A68  _STL::money_put<wchar_t, _STL::ostreambuf_iterator<wchar_t, _STL::char_traits<wchar_t> > >:: (rtti)
 0002:00009A80  _STL::money_get<wchar_t, _STL::istreambuf_iterator<wchar_t, _STL::char_traits<wchar_t> > >:: (rtti)
 0002:00009A98  _STL::money_put<char, _STL::ostreambuf_iterator<char, _STL::char_traits<char> > >:: (rtti)
 0002:00009AB0  _STL::money_get<char, _STL::istreambuf_iterator<char, _STL::char_traits<char> > >:: (rtti)
 0002:00009AC8  _STL::time_put<wchar_t, _STL::ostreambuf_iterator<wchar_t, _STL::char_traits<wchar_t> > >:: (rtti)
 0002:00009ADC  _STL::time_get<wchar_t, _STL::istreambuf_iterator<wchar_t, _STL::char_traits<wchar_t> > >:: (rtti)
 0002:00009B04  _STL::time_put<char, _STL::ostreambuf_iterator<char, _STL::char_traits<char> > >:: (rtti)
 0002:00009B18  _STL::time_get<char, _STL::istreambuf_iterator<char, _STL::char_traits<char> > >:: (rtti)
 0002:00009B40  _STL::num_put<wchar_t, _STL::ostreambuf_iterator<wchar_t, _STL::char_traits<wchar_t> > >:: (rtti)
 0002:00009B70  _STL::num_get<wchar_t, _STL::istreambuf_iterator<wchar_t, _STL::char_traits<wchar_t> > >:: (rtti)
 0002:00009BAC  _STL::num_put<char, _STL::ostreambuf_iterator<char, _STL::char_traits<char> > >:: (rtti)
 0002:00009BDC  _STL::num_get<char, _STL::istreambuf_iterator<char, _STL::char_traits<char> > >:: (rtti)
 0002:00009C18  __odtbl__ _STL::money_put<wchar_t, _STL::ostreambuf_iterator<wchar_t, _STL::char_traits<wchar_t> > >::~money_put<wchar_t, _STL::ostreambuf_iterator<wchar_t, _STL::char_traits<wchar_t> > >()
 0002:00009C28  __ectbl__ _STL::money_put<wchar_t, _STL::ostreambuf_iterator<wchar_t, _STL::char_traits<wchar_t> > >::~money_put<wchar_t, _STL::ostreambuf_iterator<wchar_t, _STL::char_traits<wchar_t> > >()
 0002:00009C3C  __odtbl__ _STL::money_put<wchar_t, _STL::ostreambuf_iterator<wchar_t, _STL::char_traits<wchar_t> > >::do_put(_STL::ostreambuf_iterator<wchar_t, _STL::char_traits<wchar_t> >, bool, _STL::ios_base&, wchar_t, long double) const
 0002:00009C78  __ectbl__ _STL::money_put<wchar_t, _STL::ostreambuf_iterator<wchar_t, _STL::char_traits<wchar_t> > >::do_put(_STL::ostreambuf_iterator<wchar_t, _STL::char_traits<wchar_t> >, bool, _STL::ios_base&, wchar_t, long double) const
 0002:00009CBC  __odtbl__ _STL::money_get<wchar_t, _STL::istreambuf_iterator<wchar_t, _STL::char_traits<wchar_t> > >::~money_get<wchar_t, _STL::istreambuf_iterator<wchar_t, _STL::char_traits<wchar_t> > >()
 0002:00009CCC  __ectbl__ _STL::money_get<wchar_t, _STL::istreambuf_iterator<wchar_t, _STL::char_traits<wchar_t> > >::~money_get<wchar_t, _STL::istreambuf_iterator<wchar_t, _STL::char_traits<wchar_t> > >()
 0002:00009CE0  __odtbl__ _STL::money_put<char, _STL::ostreambuf_iterator<char, _STL::char_traits<char> > >::~money_put<char, _STL::ostreambuf_iterator<char, _STL::char_traits<char> > >()
 0002:00009CF0  __ectbl__ _STL::money_put<char, _STL::ostreambuf_iterator<char, _STL::char_traits<char> > >::~money_put<char, _STL::ostreambuf_iterator<char, _STL::char_traits<char> > >()
 0002:00009D04  __odtbl__ _STL::money_put<char, _STL::ostreambuf_iterator<char, _STL::char_traits<char> > >::do_put(_STL::ostreambuf_iterator<char, _STL::char_traits<char> >, bool, _STL::ios_base&, char, long double) const
 0002:00009D40  __ectbl__ _STL::money_put<char, _STL::ostreambuf_iterator<char, _STL::char_traits<char> > >::do_put(_STL::ostreambuf_iterator<char, _STL::char_traits<char> >, bool, _STL::ios_base&, char, long double) const
 0002:00009D84  __odtbl__ _STL::money_get<char, _STL::istreambuf_iterator<char, _STL::char_traits<char> > >::~money_get<char, _STL::istreambuf_iterator<char, _STL::char_traits<char> > >()
 0002:00009D94  __ectbl__ _STL::money_get<char, _STL::istreambuf_iterator<char, _STL::char_traits<char> > >::~money_get<char, _STL::istreambuf_iterator<char, _STL::char_traits<char> > >()
 0002:00009DA8  __odtbl__ _STL::time_put<wchar_t, _STL::ostreambuf_iterator<wchar_t, _STL::char_traits<wchar_t> > >::~time_put<wchar_t, _STL::ostreambuf_iterator<wchar_t, _STL::char_traits<wchar_t> > >()
 0002:00009DB8  __ectbl__ _STL::time_put<wchar_t, _STL::ostreambuf_iterator<wchar_t, _STL::char_traits<wchar_t> > >::~time_put<wchar_t, _STL::ostreambuf_iterator<wchar_t, _STL::char_traits<wchar_t> > >()
 0002:00009E44  __odtbl__ _STL::time_get<wchar_t, _STL::istreambuf_iterator<wchar_t, _STL::char_traits<wchar_t> > >::~time_get<wchar_t, _STL::istreambuf_iterator<wchar_t, _STL::char_traits<wchar_t> > >()
 0002:00009E54  __ectbl__ _STL::time_get<wchar_t, _STL::istreambuf_iterator<wchar_t, _STL::char_traits<wchar_t> > >::~time_get<wchar_t, _STL::istreambuf_iterator<wchar_t, _STL::char_traits<wchar_t> > >()
 0002:00009EE0  __odtbl__ _STL::time_put<char, _STL::ostreambuf_iterator<char, _STL::char_traits<char> > >::~time_put<char, _STL::ostreambuf_iterator<char, _STL::char_traits<char> > >()
 0002:00009EF0  __ectbl__ _STL::time_put<char, _STL::ostreambuf_iterator<char, _STL::char_traits<char> > >::~time_put<char, _STL::ostreambuf_iterator<char, _STL::char_traits<char> > >()
 0002:00009F7C  __odtbl__ _STL::time_get<char, _STL::istreambuf_iterator<char, _STL::char_traits<char> > >::~time_get<char, _STL::istreambuf_iterator<char, _STL::char_traits<char> > >()
 0002:00009F8C  __ectbl__ _STL::time_get<char, _STL::istreambuf_iterator<char, _STL::char_traits<char> > >::~time_get<char, _STL::istreambuf_iterator<char, _STL::char_traits<char> > >()
 0002:0000A018  __odtbl__ _STL::num_put<wchar_t, _STL::ostreambuf_iterator<wchar_t, _STL::char_traits<wchar_t> > >::~num_put<wchar_t, _STL::ostreambuf_iterator<wchar_t, _STL::char_traits<wchar_t> > >()
 0002:0000A028  __ectbl__ _STL::num_put<wchar_t, _STL::ostreambuf_iterator<wchar_t, _STL::char_traits<wchar_t> > >::~num_put<wchar_t, _STL::ostreambuf_iterator<wchar_t, _STL::char_traits<wchar_t> > >()
 0002:0000A03C  __odtbl__ _STL::num_get<wchar_t, _STL::istreambuf_iterator<wchar_t, _STL::char_traits<wchar_t> > >::~num_get<wchar_t, _STL::istreambuf_iterator<wchar_t, _STL::char_traits<wchar_t> > >()
 0002:0000A04C  __ectbl__ _STL::num_get<wchar_t, _STL::istreambuf_iterator<wchar_t, _STL::char_traits<wchar_t> > >::~num_get<wchar_t, _STL::istreambuf_iterator<wchar_t, _STL::char_traits<wchar_t> > >()
 0002:0000A060  __odtbl__ _STL::num_put<char, _STL::ostreambuf_iterator<char, _STL::char_traits<char> > >::~num_put<char, _STL::ostreambuf_iterator<char, _STL::char_traits<char> > >()
 0002:0000A070  __ectbl__ _STL::num_put<char, _STL::ostreambuf_iterator<char, _STL::char_traits<char> > >::~num_put<char, _STL::ostreambuf_iterator<char, _STL::char_traits<char> > >()
 0002:0000A084  __odtbl__ _STL::num_get<char, _STL::istreambuf_iterator<char, _STL::char_traits<char> > >::~num_get<char, _STL::istreambuf_iterator<char, _STL::char_traits<char> > >()
 0002:0000A094  __ectbl__ _STL::num_get<char, _STL::istreambuf_iterator<char, _STL::char_traits<char> > >::~num_get<char, _STL::istreambuf_iterator<char, _STL::char_traits<char> > >()
 0002:0000A0A8  __ectbl__ _STL::hash_map<const char *, _STL::pair<void *, unsigned int>, _STL::hash<const char *>, _STL::__eqstr, _STL::allocator<_STL::pair<const char * const, _STL::pair<void *, unsigned int> > > >::~hash_map<const char *, _STL::pair<void *, unsigned int>, _STL::hash<const char *>, _STL::__eqstr, _STL::allocator<_STL::pair<const char * const, _STL::pair<void *, unsigned int> > > >()
 0002:0000A0D4  __ectbl__ _STL::_Time_Info::~_Time_Info()
 0002:0000A154  __odtbl__ _STL::hashtable<_STL::pair<const char * const, _STL::pair<void *, unsigned int> >, const char *, _STL::hash<const char *>, _STL::_Select1st<_STL::pair<const char * const, _STL::pair<void *, unsigned int> > >, _STL::__eqstr, _STL::allocator<_STL::pair<const char * const, _STL::pair<void *, unsigned int> > > >::~hashtable<_STL::pair<const char * const, _STL::pair<void *, unsigned int> >, const char *, _STL::hash<const char *>, _STL::_Select1st<_STL::pair<const char * const, _STL::pair<void *, unsigned int> > >, _STL::__eqstr, _STL::allocator<_STL::pair<const char * const, _STL::pair<void *, unsigned int> > > >()
 0002:0000A164  __ectbl__ _STL::hashtable<_STL::pair<const char * const, _STL::pair<void *, unsigned int> >, const char *, _STL::hash<const char *>, _STL::_Select1st<_STL::pair<const char * const, _STL::pair<void *, unsigned int> > >, _STL::__eqstr, _STL::allocator<_STL::pair<const char * const, _STL::pair<void *, unsigned int> > > >::~hashtable<_STL::pair<const char * const, _STL::pair<void *, unsigned int> >, const char *, _STL::hash<const char *>, _STL::_Select1st<_STL::pair<const char * const, _STL::pair<void *, unsigned int> > >, _STL::__eqstr, _STL::allocator<_STL::pair<const char * const, _STL::pair<void *, unsigned int> > > >()
 0002:0000A190  __ectbl__ _STL::_STLP_alloc_proxy<unsigned int, _STL::_Hashtable_node<_STL::pair<const char * const, _STL::pair<void *, unsigned int> > >, _STL::allocator<_STL::_Hashtable_node<_STL::pair<const char * const, _STL::pair<void *, unsigned int> > > > >::~_STLP_alloc_proxy<unsigned int, _STL::_Hashtable_node<_STL::pair<const char * const, _STL::pair<void *, unsigned int> > >, _STL::allocator<_STL::_Hashtable_node<_STL::pair<const char * const, _STL::pair<void *, unsigned int> > > > >()
 0002:0000A198  d1923_1
 0002:0000A238  _STL::_Stl_loc_global_impl
 0002:0000A23C  _STL::_Stl_loc_global_locale_lock
 0002:0000A2E8  __odtbl__ _STL::_Locale_impl::_Locale_impl(const char *)
 0002:0000A308  __ectbl__ _STL::_Locale_impl::_Locale_impl(const char *)
 0002:0000A334  __odtbl__ _STL::_Locale_impl::~_Locale_impl()
 0002:0000A344  __ectbl__ _STL::_Locale_impl::~_Locale_impl()
 0002:0000A370  __odtbl__ _STL::_Locale_impl::_M_throw_bad_cast()
 0002:0000A380  __ectbl__ _STL::_Locale_impl::_M_throw_bad_cast()
 0002:0000A394  __odtbl__ _STL::_Locale_impl::make_classic_locale()
 0002:0000A524  __ectbl__ _STL::_Locale_impl::make_classic_locale()
 0002:0000A784  _STL::locale::id::_S_max
 0002:0000A788  _STL::ctype<char>::id
 0002:0000A78C  _STL::codecvt<char, char, __stl_mbstate_t>::id
 0002:0000A790  _STL::codecvt<wchar_t, char, __stl_mbstate_t>::id
 0002:0000A794  _STL::moneypunct<char, 1>::id
 0002:0000A798  _STL::moneypunct<char, 0>::id
 0002:0000A79C  _STL::numpunct<char>::id
 0002:0000A7A0  _STL::ctype<wchar_t>::id
 0002:0000A7A4  _STL::moneypunct<wchar_t, 1>::id
 0002:0000A7A8  _STL::moneypunct<wchar_t, 0>::id
 0002:0000A7AC  _STL::numpunct<wchar_t>::id
 0002:0000A7B0  _STL::ios_base::_Loc_init::_S_count
 0002:0000A7B4  __odtbl__ _STL::ios_base::_Loc_init::_Loc_init()
 0002:0000A7C4  __ectbl__ _STL::ios_base::_Loc_init::_Loc_init()
 0002:0000A7D8  __odtbl__ _STL::locale::locale()
 0002:0000A7E8  __ectbl__ _STL::locale::locale()
 0002:0000A7FC  __odtbl__ _STL::locale::locale(_STL::_Locale_impl *)
 0002:0000A80C  __ectbl__ _STL::locale::locale(_STL::_Locale_impl *)
 0002:0000A820  __odtbl__ _STL::locale::locale(const _STL::locale&)
 0002:0000A830  __ectbl__ _STL::locale::locale(const _STL::locale&)
 0003:00000000  b2_2
 0003:00041000  _full_name
 0003:000410FF  _file
 0003:00041305  _file_two
 0003:0004150B  _file_key
 0003:00041714  __new_handler
 0003:00041714  b186_2
 0003:00041718  ___bad_alloc
 0003:0004171C  b208_2
 0003:0004171C  __bormm_pfn_FreeMem
 0003:00041720  __bormm_pfn_GetMem
 0003:00041724  __bormm_pfn_ReallocMem
 0003:00041728  __bormm_pfn_HeapAddRef
 0003:0004172C  __bormm_pfn_HeapRelease
 0003:00041734  b252_2
 0003:0004173C  b298_2
 0003:00041740  b522_2
 0003:00041B48  b526_2
 0003:00041B48  __DestructorCountPtr
 0003:00041B50  __HandlerPtr
 0003:00041B50  b532_2
 0003:00041B54  __UserHandlerPtr
 0003:00041B58  __pidtab
 0003:00041B58  b722_1
 0003:00041C20  __handles
 0003:00041CE8  __doserrno
 0003:00041CE8  b800_2
 0003:00041CEC  b806_1
 0003:00041CF0  b1236_1
 0003:00041D1C  __mbctype
 0003:00041D1C  b1432_2
 0003:00041E20  __mbcsCodePage
 0003:00041E24  b1568_2
 0003:00041F24  b1584_2
 0003:00041F40  __ostype
 0003:00041F40  b1596_2
 0003:00041F44  b1678_2
 0003:00041F44  __argv
 0003:00041F50  b1680_2
 0003:00041F54  b1682_2
 0003:00041F58  b1754_2
 0003:00041F58  __environ
 0003:00041F60  __envsize
 0003:00041F64  __env_lock
 0003:00041F68  b1776_1
 0003:00041F68  __C0argc
 0003:00041F6C  __C0argv
 0003:00041F70  __C0environ
 0003:00041F74  __oscmd
 0003:00041F78  __osenv
 0003:00041F7C  __argc
 0003:00041F80  __dll_table
 0003:00041F88  __ExcRegPtr
 0003:00041F8C  __wosenv
 0003:00041F90  __woscmd
 0003:00041F94  __wC0argv
 0003:00041F98  __wC0environ
 0003:00041F9C  __exe_table
 0003:00041FA4  __stkbase
 0003:00041FA8  b1816_2
 0003:00041FB0  b1874_2
 0003:00041FB4  ___pCPPdebugHook
 0003:00041FC0  _STL::cin
 0003:00041FC0  b1890_2
 0003:00042048  _STL::cout
 0003:000420C8  _STL::cerr
 0003:00042148  _STL::clog
 0003:000421C8  _STL::wcin
 0003:00042250  _STL::wcout
 0003:000422D0  _STL::wcerr
 0003:00042350  _STL::wclog
 0003:000423D0  _STL::_LocInit
 0003:000423D8  _STL::_IosInit
 0003:000423E0  b1904_2
 0003:000423E0  _STL::_S_empty_string
 0003:000423F8  _STL::_S_empty_wstring
 0003:00042410  _STL::numpunct<char>::_M_truename
 0003:00042410  b1914_2
 0003:00042428  _STL::numpunct<char>::_M_falsename
 0003:00042440  _STL::numpunct<char>::_M_grouping
 0003:00042458  _STL::numpunct<wchar_t>::_M_truename
 0003:00042470  _STL::numpunct<wchar_t>::_M_falsename
 0003:00042488  _STL::numpunct<wchar_t>::_M_grouping
 0003:000424A0  b1917_2
 0003:000424A8  b1919_2
 0003:000424D8  b1923_2
 0003:00043820  _STL::_Stl_loc_classic_locale
 0004:00000000  ___xxInfo
 0004:00000000  t526_3
